Archive member included to satisfy reference by file (symbol)

c:/program files (x86)/gnu tools arm embedded/2017-q2-update/bin/../lib/gcc/arm-none-eabi/6.3.1/../../../../arm-none-eabi/lib/thumb/v6-m\libc_nano.a(lib_a-exit.o)
                              c:/program files (x86)/gnu tools arm embedded/2017-q2-update/bin/../lib/gcc/arm-none-eabi/6.3.1/../../../../arm-none-eabi/lib/thumb/v6-m/crt0.o (exit)
c:/program files (x86)/gnu tools arm embedded/2017-q2-update/bin/../lib/gcc/arm-none-eabi/6.3.1/../../../../arm-none-eabi/lib/thumb/v6-m\libc_nano.a(lib_a-impure.o)
                              c:/program files (x86)/gnu tools arm embedded/2017-q2-update/bin/../lib/gcc/arm-none-eabi/6.3.1/../../../../arm-none-eabi/lib/thumb/v6-m\libc_nano.a(lib_a-exit.o) (_global_impure_ptr)
c:/program files (x86)/gnu tools arm embedded/2017-q2-update/bin/../lib/gcc/arm-none-eabi/6.3.1/../../../../arm-none-eabi/lib/thumb/v6-m\libc_nano.a(lib_a-init.o)
                              c:/program files (x86)/gnu tools arm embedded/2017-q2-update/bin/../lib/gcc/arm-none-eabi/6.3.1/../../../../arm-none-eabi/lib/thumb/v6-m/crt0.o (__libc_init_array)
c:/program files (x86)/gnu tools arm embedded/2017-q2-update/bin/../lib/gcc/arm-none-eabi/6.3.1/../../../../arm-none-eabi/lib/thumb/v6-m\libc_nano.a(lib_a-memset.o)
                              c:/program files (x86)/gnu tools arm embedded/2017-q2-update/bin/../lib/gcc/arm-none-eabi/6.3.1/../../../../arm-none-eabi/lib/thumb/v6-m/crt0.o (memset)
c:/program files (x86)/gnu tools arm embedded/2017-q2-update/bin/../lib/gcc/arm-none-eabi/6.3.1/../../../../arm-none-eabi/lib/thumb/v6-m\libnosys.a(_exit.o)
                              c:/program files (x86)/gnu tools arm embedded/2017-q2-update/bin/../lib/gcc/arm-none-eabi/6.3.1/../../../../arm-none-eabi/lib/thumb/v6-m\libc_nano.a(lib_a-exit.o) (_exit)
c:/program files (x86)/gnu tools arm embedded/2017-q2-update/bin/../lib/gcc/arm-none-eabi/6.3.1/thumb/v6-m\libgcc.a(_udivsi3.o)
                              _build/nrf51822_xxac_bsp.c.o (__aeabi_uidiv)
c:/program files (x86)/gnu tools arm embedded/2017-q2-update/bin/../lib/gcc/arm-none-eabi/6.3.1/thumb/v6-m\libgcc.a(_divsi3.o)
                              _build/nrf51822_xxac_ble_advertising.c.o (__aeabi_idivmod)
c:/program files (x86)/gnu tools arm embedded/2017-q2-update/bin/../lib/gcc/arm-none-eabi/6.3.1/thumb/v6-m\libgcc.a(_dvmd_tls.o)
                              c:/program files (x86)/gnu tools arm embedded/2017-q2-update/bin/../lib/gcc/arm-none-eabi/6.3.1/thumb/v6-m\libgcc.a(_udivsi3.o) (__aeabi_idiv0)
c:/program files (x86)/gnu tools arm embedded/2017-q2-update/bin/../lib/gcc/arm-none-eabi/6.3.1/../../../../arm-none-eabi/lib/thumb/v6-m\libc_nano.a(lib_a-memcmp.o)
                              _build/nrf51822_xxac_id_manager.c.o (memcmp)
c:/program files (x86)/gnu tools arm embedded/2017-q2-update/bin/../lib/gcc/arm-none-eabi/6.3.1/../../../../arm-none-eabi/lib/thumb/v6-m\libc_nano.a(lib_a-memcpy-stub.o)
                              _build/nrf51822_xxac_SEGGER_RTT.c.o (memcpy)
c:/program files (x86)/gnu tools arm embedded/2017-q2-update/bin/../lib/gcc/arm-none-eabi/6.3.1/../../../../arm-none-eabi/lib/thumb/v6-m\libc_nano.a(lib_a-strcpy.o)
                              _build/nrf51822_xxac_SEGGER_RTT.c.o (strcpy)
c:/program files (x86)/gnu tools arm embedded/2017-q2-update/bin/../lib/gcc/arm-none-eabi/6.3.1/../../../../arm-none-eabi/lib/thumb/v6-m\libc_nano.a(lib_a-strlen.o)
                              _build/nrf51822_xxac_main.c.o (strlen)

Allocating common symbols
Common symbol       size              file

nrf_nvic_state      0x8               _build/nrf51822_xxac_app_util_platform.c.o
m_is_advertising    0x1               _build/nrf51822_xxac_main.c.o
m_is_sleep_mode_prepared
                    0x1               _build/nrf51822_xxac_bsp_custom_1_btn_ble.c.o
_SEGGER_RTT         0x78              _build/nrf51822_xxac_SEGGER_RTT.c.o

Discarded input sections

 .text          0x00000000        0x0 c:/program files (x86)/gnu tools arm embedded/2017-q2-update/bin/../lib/gcc/arm-none-eabi/6.3.1/thumb/v6-m/crti.o
 .data          0x00000000        0x0 c:/program files (x86)/gnu tools arm embedded/2017-q2-update/bin/../lib/gcc/arm-none-eabi/6.3.1/thumb/v6-m/crti.o
 .bss           0x00000000        0x0 c:/program files (x86)/gnu tools arm embedded/2017-q2-update/bin/../lib/gcc/arm-none-eabi/6.3.1/thumb/v6-m/crti.o
 .data          0x00000000        0x4 c:/program files (x86)/gnu tools arm embedded/2017-q2-update/bin/../lib/gcc/arm-none-eabi/6.3.1/thumb/v6-m/crtbegin.o
 .data          0x00000000        0x0 c:/program files (x86)/gnu tools arm embedded/2017-q2-update/bin/../lib/gcc/arm-none-eabi/6.3.1/../../../../arm-none-eabi/lib/thumb/v6-m/crt0.o
 .bss           0x00000000        0x0 c:/program files (x86)/gnu tools arm embedded/2017-q2-update/bin/../lib/gcc/arm-none-eabi/6.3.1/../../../../arm-none-eabi/lib/thumb/v6-m/crt0.o
[...]
Memory Configuration

Name             Origin             Length             Attributes
FLASH            0x0001b000         0x00025000         xr
RAM              0x20001fe8         0x00002018         xrw
*default*        0x00000000         0xffffffff

Linker script and memory map


.text           0x0001b000     0xaaa8
 *(.isr_vector)
 .isr_vector    0x0001b000       0xc0 _build/nrf51822_xxac_gcc_startup_nrf51.S.o
                0x0001b000                __isr_vector
 *(.text*)
 .text          0x0001b0c0       0x60 c:/program files (x86)/gnu tools arm embedded/2017-q2-update/bin/../lib/gcc/arm-none-eabi/6.3.1/thumb/v6-m/crtbegin.o
 .text          0x0001b120       0x78 c:/program files (x86)/gnu tools arm embedded/2017-q2-update/bin/../lib/gcc/arm-none-eabi/6.3.1/../../../../arm-none-eabi/lib/thumb/v6-m/crt0.o
                0x0001b120                _start
                0x0001b120                _mainCRTStartup
 .text.exit     0x0001b198       0x2c c:/program files (x86)/gnu tools arm embedded/2017-q2-update/bin/../lib/gcc/arm-none-eabi/6.3.1/../../../../arm-none-eabi/lib/thumb/v6-m\libc_nano.a(lib_a-exit.o)
                0x0001b198                exit
 .text.__libc_init_array
                0x0001b1c4       0x48 c:/program files (x86)/gnu tools arm embedded/2017-q2-update/bin/../lib/gcc/arm-none-eabi/6.3.1/../../../../arm-none-eabi/lib/thumb/v6-m\libc_nano.a(lib_a-init.o)
                0x0001b1c4                __libc_init_array
 .text.memset   0x0001b20c       0x10 c:/program files (x86)/gnu tools arm embedded/2017-q2-update/bin/../lib/gcc/arm-none-eabi/6.3.1/../../../../arm-none-eabi/lib/thumb/v6-m\libc_nano.a(lib_a-memset.o)
                0x0001b20c                memset
 .text._exit    0x0001b21c        0x4 c:/program files (x86)/gnu tools arm embedded/2017-q2-update/bin/../lib/gcc/arm-none-eabi/6.3.1/../../../../arm-none-eabi/lib/thumb/v6-m\libnosys.a(_exit.o)
                0x0001b21c                _exit
 .text.detection_delay_timeout_handler
                0x0001b220       0xa8 _build/nrf51822_xxac_app_button.c.o
 .text.gpiote_event_handler
                0x0001b2c8       0x5c _build/nrf51822_xxac_app_button.c.o
 .text.app_button_init
                0x0001b324       0xb0 _build/nrf51822_xxac_app_button.c.o
                0x0001b324                app_button_init
 .text.app_button_enable
                0x0001b3d4       0x30 _build/nrf51822_xxac_app_button.c.o
                0x0001b3d4                app_button_enable
 .text.app_error_handler_bare
                0x0001b404       0x20 _build/nrf51822_xxac_app_error.c.o
                0x0001b404                app_error_handler_bare
 .text.RTC1_IRQHandler
                0x0001b424       0xdc _build/nrf51822_xxac_app_timer.c.o
                0x0001b424                RTC1_IRQHandler
 .text.SWI0_IRQHandler
                0x0001b500      0x4d4 _build/nrf51822_xxac_app_timer.c.o
                0x0001b500                SWI0_IRQHandler
 .text.app_timer_init
                0x0001b9d4      0x12c _build/nrf51822_xxac_app_timer.c.o
                0x0001b9d4                app_timer_init
 .text.app_timer_create
                0x0001bb00       0x34 _build/nrf51822_xxac_app_timer.c.o
                0x0001bb00                app_timer_create
 .text.app_timer_start
                0x0001bb34       0xc0 _build/nrf51822_xxac_app_timer.c.o
                0x0001bb34                app_timer_start
 .text.app_timer_stop
                0x0001bbf4       0x84 _build/nrf51822_xxac_app_timer.c.o
                0x0001bbf4                app_timer_stop
 .text.app_util_critical_region_enter
                0x0001bc78       0x40 _build/nrf51822_xxac_app_util_platform.c.o
                0x0001bc78                app_util_critical_region_enter
 .text.app_util_critical_region_exit
                0x0001bcb8       0x2c _build/nrf51822_xxac_app_util_platform.c.o
                0x0001bcb8                app_util_critical_region_exit
 .text.gc_record_find_next
                0x0001bce4       0xc4 _build/nrf51822_xxac_fds.c.o
 .text.record_find_by_desc
                0x0001bda8       0xe4 _build/nrf51822_xxac_fds.c.o
 .text.record_find.part.3
                0x0001be8c       0xc4 _build/nrf51822_xxac_fds.c.o
 .text.queue_process
                0x0001bf50      0x760 _build/nrf51822_xxac_fds.c.o
 .text.fs_event_handler
                0x0001c6b0        0xc _build/nrf51822_xxac_fds.c.o
 .text.write_enqueue.part.7
                0x0001c6bc      0x210 _build/nrf51822_xxac_fds.c.o
 .text.fds_register
                0x0001c8cc       0x24 _build/nrf51822_xxac_fds.c.o
                0x0001c8cc                fds_register
 .text.fds_init
                0x0001c8f0      0x2f0 _build/nrf51822_xxac_fds.c.o
                0x0001c8f0                fds_init
 .text.fds_record_open
                0x0001cbe0       0x50 _build/nrf51822_xxac_fds.c.o
                0x0001cbe0                fds_record_open
 .text.fds_record_close
                0x0001cc30       0x4c _build/nrf51822_xxac_fds.c.o
                0x0001cc30                fds_record_close
 .text.fds_reserve
                0x0001cc7c       0x70 _build/nrf51822_xxac_fds.c.o
                0x0001cc7c                fds_reserve
 .text.fds_reserve_cancel
                0x0001ccec       0x48 _build/nrf51822_xxac_fds.c.o
                0x0001ccec                fds_reserve_cancel
 .text.fds_record_write
                0x0001cd34       0x3c _build/nrf51822_xxac_fds.c.o
                0x0001cd34                fds_record_write
 .text.fds_record_write_reserved
                0x0001cd70       0x40 _build/nrf51822_xxac_fds.c.o
                0x0001cd70                fds_record_write_reserved
 .text.fds_record_update
                0x0001cdb0       0x44 _build/nrf51822_xxac_fds.c.o
                0x0001cdb0                fds_record_update
 .text.fds_file_delete
                0x0001cdf4       0x6c _build/nrf51822_xxac_fds.c.o
                0x0001cdf4                fds_file_delete
 .text.fds_gc   0x0001ce60       0x68 _build/nrf51822_xxac_fds.c.o
                0x0001ce60                fds_gc
 .text.fds_record_find
                0x0001cec8       0x38 _build/nrf51822_xxac_fds.c.o
                0x0001cec8                fds_record_find
 .text.fds_record_find_by_key
                0x0001cf00       0x38 _build/nrf51822_xxac_fds.c.o
                0x0001cf00                fds_record_find_by_key
 .text.fds_record_find_in_file
                0x0001cf38       0x38 _build/nrf51822_xxac_fds.c.o
                0x0001cf38                fds_record_find_in_file
 .text.fds_record_id_from_desc
                0x0001cf70       0x14 _build/nrf51822_xxac_fds.c.o
                0x0001cf70                fds_record_id_from_desc
 .text.sd_flash_write
                0x0001cf84        0x4 _build/nrf51822_xxac_fstorage.c.o
 .text.sd_flash_page_erase
                0x0001cf88        0x4 _build/nrf51822_xxac_fstorage.c.o
 .text.unlikely.queue_get_next_free
                0x0001cf8c       0x34 _build/nrf51822_xxac_fstorage.c.o
 .text.queue_process
                0x0001cfc0       0xc8 _build/nrf51822_xxac_fstorage.c.o
 .text.fs_init  0x0001d088       0xc4 _build/nrf51822_xxac_fstorage.c.o
                0x0001d088                fs_init
 .text.fs_store
                0x0001d14c       0xb8 _build/nrf51822_xxac_fstorage.c.o
                0x0001d14c                fs_store
 .text.fs_erase
                0x0001d204       0xac _build/nrf51822_xxac_fstorage.c.o
                0x0001d204                fs_erase
 .text.fs_queued_op_count_get
                0x0001d2b0       0x18 _build/nrf51822_xxac_fstorage.c.o
                0x0001d2b0                fs_queued_op_count_get
 .text.fs_sys_event_handler
                0x0001d2c8      0x2b8 _build/nrf51822_xxac_fstorage.c.o
                0x0001d2c8                fs_sys_event_handler
 .text.sdk_mapped_flags_first_key_index_get
                0x0001d580       0x58 _build/nrf51822_xxac_sdk_mapped_flags.c.o
                0x0001d580                sdk_mapped_flags_first_key_index_get
 .text.sdk_mapped_flags_update_by_key
                0x0001d5d8       0x74 _build/nrf51822_xxac_sdk_mapped_flags.c.o
                0x0001d5d8                sdk_mapped_flags_update_by_key
 .text.sdk_mapped_flags_bulk_update_by_key
                0x0001d64c      0x234 _build/nrf51822_xxac_sdk_mapped_flags.c.o
                0x0001d64c                sdk_mapped_flags_bulk_update_by_key
 .text.sdk_mapped_flags_get_by_key
                0x0001d880       0x64 _build/nrf51822_xxac_sdk_mapped_flags.c.o
                0x0001d880                sdk_mapped_flags_get_by_key
 .text.sdk_mapped_flags_key_list_get
                0x0001d8e4       0x78 _build/nrf51822_xxac_sdk_mapped_flags.c.o
                0x0001d8e4                sdk_mapped_flags_key_list_get
 .text.bsp_board_led_state_get
                0x0001d95c       0x14 _build/nrf51822_xxac_boards.c.o
                0x0001d95c                bsp_board_led_state_get
 .text.bsp_board_led_on
                0x0001d970       0x14 _build/nrf51822_xxac_boards.c.o
                0x0001d970                bsp_board_led_on
 .text.bsp_board_led_off
                0x0001d984       0x10 _build/nrf51822_xxac_boards.c.o
                0x0001d984                bsp_board_led_off
 .text.bsp_board_leds_off
                0x0001d994       0x10 _build/nrf51822_xxac_boards.c.o
                0x0001d994                bsp_board_leds_off
 .text.bsp_board_leds_on
                0x0001d9a4       0x14 _build/nrf51822_xxac_boards.c.o
                0x0001d9a4                bsp_board_leds_on
 .text.bsp_board_led_invert
                0x0001d9b8       0x28 _build/nrf51822_xxac_boards.c.o
                0x0001d9b8                bsp_board_led_invert
 .text.bsp_board_leds_init
                0x0001d9e0       0x1c _build/nrf51822_xxac_boards.c.o
                0x0001d9e0                bsp_board_leds_init
 .text.bsp_board_button_state_get
                0x0001d9fc       0x14 _build/nrf51822_xxac_boards.c.o
                0x0001d9fc                bsp_board_button_state_get
 .text.bsp_board_pin_to_button_idx
                0x0001da10        0xc _build/nrf51822_xxac_boards.c.o
                0x0001da10                bsp_board_pin_to_button_idx
 .text.bsp_board_button_idx_to_pin
                0x0001da1c        0x4 _build/nrf51822_xxac_boards.c.o
                0x0001da1c                bsp_board_button_idx_to_pin
 .text.POWER_CLOCK_IRQHandler
                0x0001da20       0x78 _build/nrf51822_xxac_nrf_drv_clock.c.o
                0x0001da20                POWER_CLOCK_IRQHandler
 .text.nrf_drv_clock_on_soc_event
                0x0001da98       0x24 _build/nrf51822_xxac_nrf_drv_clock.c.o
                0x0001da98                nrf_drv_clock_on_soc_event
 .text.nrf_drv_clock_on_sd_enable
                0x0001dabc       0x6c _build/nrf51822_xxac_nrf_drv_clock.c.o
                0x0001dabc                nrf_drv_clock_on_sd_enable
 .text.nrf_drv_common_irq_enable
                0x0001db28       0x7c _build/nrf51822_xxac_nrf_drv_common.c.o
                0x0001db28                nrf_drv_common_irq_enable
 .text.nrf_drv_gpiote_init
                0x0001dba4       0x74 _build/nrf51822_xxac_nrf_drv_gpiote.c.o
                0x0001dba4                nrf_drv_gpiote_init
 .text.nrf_drv_gpiote_is_init
                0x0001dc18       0x14 _build/nrf51822_xxac_nrf_drv_gpiote.c.o
                0x0001dc18                nrf_drv_gpiote_is_init
 .text.nrf_drv_gpiote_in_init
                0x0001dc2c      0x154 _build/nrf51822_xxac_nrf_drv_gpiote.c.o
                0x0001dc2c                nrf_drv_gpiote_in_init
 .text.nrf_drv_gpiote_in_event_enable
                0x0001dd80       0xa8 _build/nrf51822_xxac_nrf_drv_gpiote.c.o
                0x0001dd80                nrf_drv_gpiote_in_event_enable
 .text.nrf_drv_gpiote_in_is_set
                0x0001de28       0x14 _build/nrf51822_xxac_nrf_drv_gpiote.c.o
                0x0001de28                nrf_drv_gpiote_in_is_set
 .text.GPIOTE_IRQHandler
                0x0001de3c      0x46c _build/nrf51822_xxac_nrf_drv_gpiote.c.o
                0x0001de3c                GPIOTE_IRQHandler
 .text.nrf_adc_configure
                0x0001e2a8       0x54 _build/nrf51822_xxac_nrf_adc.c.o
                0x0001e2a8                nrf_adc_configure
 .text.nrf_adc_convert_single
                0x0001e2fc       0x54 _build/nrf51822_xxac_nrf_adc.c.o
                0x0001e2fc                nrf_adc_convert_single
 .text.alert_timer_handler
                0x0001e350        0xc _build/nrf51822_xxac_bsp.c.o
 .text.bsp_button_event_handler
                0x0001e35c       0x8c _build/nrf51822_xxac_bsp.c.o
 .text.leds_timer_handler
                0x0001e3e8      0x1e8 _build/nrf51822_xxac_bsp.c.o
 .text.button_timer_handler
                0x0001e5d0       0x28 _build/nrf51822_xxac_bsp.c.o
 .text.bsp_button_is_pressed
                0x0001e5f8        0x8 _build/nrf51822_xxac_bsp.c.o
                0x0001e5f8                bsp_button_is_pressed
 .text.bsp_indication_set
                0x0001e600      0x21c _build/nrf51822_xxac_bsp.c.o
                0x0001e600                bsp_indication_set
 .text.bsp_init
                0x0001e81c       0xa4 _build/nrf51822_xxac_bsp.c.o
                0x0001e81c                bsp_init
 .text.bsp_event_to_button_action_assign
                0x0001e8c0       0x44 _build/nrf51822_xxac_bsp.c.o
                0x0001e8c0                bsp_event_to_button_action_assign
 .text.bsp_wakeup_button_enable
                0x0001e904       0x30 _build/nrf51822_xxac_bsp.c.o
                0x0001e904                bsp_wakeup_button_enable
 .text.sd_power_system_off
                0x0001e934        0x4 _build/nrf51822_xxac_bsp_custom_1_btn_ble.c.o
 .text.bsp_custom_1_btn_ble_setup_sleep_button
                0x0001e938       0x18 _build/nrf51822_xxac_bsp_custom_1_btn_ble.c.o
                0x0001e938                bsp_custom_1_btn_ble_setup_sleep_button
 .text.bsp_custom_1_btn_ble_prepare_sleep_mode
                0x0001e950        0xc _build/nrf51822_xxac_bsp_custom_1_btn_ble.c.o
                0x0001e950                bsp_custom_1_btn_ble_prepare_sleep_mode
 .text.bsp_custom_1_btn_ble_enter_sleep_mode
                0x0001e95c       0x30 _build/nrf51822_xxac_bsp_custom_1_btn_ble.c.o
                0x0001e95c                bsp_custom_1_btn_ble_enter_sleep_mode
 .text.bsp_custom_1_btn_ble_on_ble_evt
                0x0001e98c       0xbc _build/nrf51822_xxac_bsp_custom_1_btn_ble.c.o
                0x0001e98c                bsp_custom_1_btn_ble_on_ble_evt
 .text.bsp_custom_1_btn_ble_init
                0x0001ea48      0x104 _build/nrf51822_xxac_bsp_custom_1_btn_ble.c.o
                0x0001ea48                bsp_custom_1_btn_ble_init
 .text.sd_ble_gap_disconnect
                0x0001eb4c        0x4 _build/nrf51822_xxac_main.c.o
 .text.sd_ble_gap_ppcp_set
                0x0001eb50        0x4 _build/nrf51822_xxac_main.c.o
 .text.sd_ble_gap_device_name_set
                0x0001eb54        0x4 _build/nrf51822_xxac_main.c.o
 .text.sd_ble_gatts_rw_authorize_reply
                0x0001eb58        0x4 _build/nrf51822_xxac_main.c.o
 .text.sd_ble_user_mem_reply
                0x0001eb5c        0x4 _build/nrf51822_xxac_main.c.o
 .text.sd_power_system_off
                0x0001eb60        0x4 _build/nrf51822_xxac_main.c.o
 .text.sd_app_evt_wait
                0x0001eb64        0x4 _build/nrf51822_xxac_main.c.o
 .text.fds_evt_handler
                0x0001eb68        0x4 _build/nrf51822_xxac_main.c.o
 .text.conn_params_error_handler
                0x0001eb6c        0x8 _build/nrf51822_xxac_main.c.o
 .text.gatt_evt_handler
                0x0001eb74       0x10 _build/nrf51822_xxac_main.c.o
                0x0001eb74                gatt_evt_handler
 .text.noise_detector_meas_timeout_handler
                0x0001eb84       0x98 _build/nrf51822_xxac_main.c.o
 .text.sleep_mode_enter
                0x0001ec1c       0x20 _build/nrf51822_xxac_main.c.o
 .text.sys_evt_dispatch
                0x0001ec3c       0x10 _build/nrf51822_xxac_main.c.o
 .text.ble_evt_dispatch
                0x0001ec4c       0xd8 _build/nrf51822_xxac_main.c.o
 .text.on_conn_params_evt
                0x0001ed24       0x24 _build/nrf51822_xxac_main.c.o
 .text.ble_nds_evt_handler
                0x0001ed48       0x48 _build/nrf51822_xxac_main.c.o
 .text.on_adv_evt
                0x0001ed90       0x34 _build/nrf51822_xxac_main.c.o
 .text.battery_level_meas_timeout_handler
                0x0001edc4       0xec _build/nrf51822_xxac_main.c.o
 .text.bsp_event_handler
                0x0001eeb0       0x58 _build/nrf51822_xxac_main.c.o
                0x0001eeb0                bsp_event_handler
 .text.pm_evt_handler
                0x0001ef08       0x88 _build/nrf51822_xxac_main.c.o
 .text.app_error_fault_handler
                0x0001ef90       0x1c _build/nrf51822_xxac_main.c.o
                0x0001ef90                app_error_fault_handler
 .text.advertising_start
                0x0001efac       0x20 _build/nrf51822_xxac_main.c.o
                0x0001efac                advertising_start
 .text.gatt_init
                0x0001efcc       0x1c _build/nrf51822_xxac_main.c.o
                0x0001efcc                gatt_init
 .text.startup.main
                0x0001efe8      0x3f8 _build/nrf51822_xxac_main.c.o
                0x0001efe8                main
 .text.sd_ble_gap_address_get
                0x0001f3e0        0x4 _build/nrf51822_xxac_ble_advdata.c.o
 .text.sd_ble_gap_adv_data_set
                0x0001f3e4        0x4 _build/nrf51822_xxac_ble_advdata.c.o
 .text.sd_ble_gap_appearance_get
                0x0001f3e8        0x4 _build/nrf51822_xxac_ble_advdata.c.o
 .text.sd_ble_gap_device_name_get
                0x0001f3ec        0x4 _build/nrf51822_xxac_ble_advdata.c.o
 .text.sd_ble_uuid_encode
                0x0001f3f0        0x4 _build/nrf51822_xxac_ble_advdata.c.o
 .text.uuid_list_sized_encode
                0x0001f3f4      0x110 _build/nrf51822_xxac_ble_advdata.c.o
 .text.adv_data_encode
                0x0001f504      0x42c _build/nrf51822_xxac_ble_advdata.c.o
                0x0001f504                adv_data_encode
 .text.ble_advdata_set
                0x0001f930      0x480 _build/nrf51822_xxac_ble_advdata.c.o
                0x0001f930                ble_advdata_set
 .text.sd_ble_gap_adv_start
                0x0001fdb0        0x4 _build/nrf51822_xxac_ble_advertising.c.o
 .text.ble_advertising_start.part.1
                0x0001fdb4      0x240 _build/nrf51822_xxac_ble_advertising.c.o
 .text.ble_advertising_init
                0x0001fff4      0x1ac _build/nrf51822_xxac_ble_advertising.c.o
                0x0001fff4                ble_advertising_init
 .text.ble_advertising_start
                0x000201a0       0x44 _build/nrf51822_xxac_ble_advertising.c.o
                0x000201a0                ble_advertising_start
 .text.ble_advertising_on_ble_evt
                0x000201e4       0xc0 _build/nrf51822_xxac_ble_advertising.c.o
                0x000201e4                ble_advertising_on_ble_evt
 .text.ble_advertising_on_sys_evt
                0x000202a4       0x64 _build/nrf51822_xxac_ble_advertising.c.o
                0x000202a4                ble_advertising_on_sys_evt
 .text.sd_ble_gap_conn_param_update
                0x00020308        0x4 _build/nrf51822_xxac_ble_conn_params.c.o
 .text.sd_ble_gap_disconnect
                0x0002030c        0x4 _build/nrf51822_xxac_ble_conn_params.c.o
 .text.sd_ble_gap_ppcp_set
                0x00020310        0x4 _build/nrf51822_xxac_ble_conn_params.c.o
 .text.sd_ble_gap_ppcp_get
                0x00020314        0x4 _build/nrf51822_xxac_ble_conn_params.c.o
 .text.update_timeout_handler
                0x00020318       0x78 _build/nrf51822_xxac_ble_conn_params.c.o
 .text.conn_params_negotiation
                0x00020390       0x88 _build/nrf51822_xxac_ble_conn_params.c.o
 .text.ble_conn_params_init
                0x00020418       0x78 _build/nrf51822_xxac_ble_conn_params.c.o
                0x00020418                ble_conn_params_init
 .text.ble_conn_params_on_ble_evt
                0x00020490       0xa8 _build/nrf51822_xxac_ble_conn_params.c.o
                0x00020490                ble_conn_params_on_ble_evt
 .text.ble_conn_state_on_ble_evt
                0x00020538      0x114 _build/nrf51822_xxac_ble_conn_state.c.o
                0x00020538                ble_conn_state_on_ble_evt
 .text.ble_conn_state_role
                0x0002064c       0x30 _build/nrf51822_xxac_ble_conn_state.c.o
                0x0002064c                ble_conn_state_role
 .text.ble_conn_state_encrypted
                0x0002067c       0x14 _build/nrf51822_xxac_ble_conn_state.c.o
                0x0002067c                ble_conn_state_encrypted
 .text.ble_conn_state_mitm_protected
                0x00020690       0x14 _build/nrf51822_xxac_ble_conn_state.c.o
                0x00020690                ble_conn_state_mitm_protected
 .text.ble_conn_state_conn_handles
                0x000206a4       0x18 _build/nrf51822_xxac_ble_conn_state.c.o
                0x000206a4                ble_conn_state_conn_handles
 .text.ble_conn_state_user_flag_acquire
                0x000206bc       0x2c _build/nrf51822_xxac_ble_conn_state.c.o
                0x000206bc                ble_conn_state_user_flag_acquire
 .text.ble_conn_state_user_flag_get
                0x000206e8       0x24 _build/nrf51822_xxac_ble_conn_state.c.o
                0x000206e8                ble_conn_state_user_flag_get
 .text.ble_conn_state_user_flag_set
                0x0002070c       0x24 _build/nrf51822_xxac_ble_conn_state.c.o
                0x0002070c                ble_conn_state_user_flag_set
 .text.ble_conn_state_user_flag_collection
                0x00020730       0x1c _build/nrf51822_xxac_ble_conn_state.c.o
                0x00020730                ble_conn_state_user_flag_collection
 .text.ble_srv_is_notification_enabled
                0x0002074c        0x8 _build/nrf51822_xxac_ble_srv_common.c.o
                0x0002074c                ble_srv_is_notification_enabled
 .text.ble_srv_is_indication_enabled
                0x00020754        0x8 _build/nrf51822_xxac_ble_srv_common.c.o
                0x00020754                ble_srv_is_indication_enabled
 .text.ble_srv_report_ref_encode
                0x0002075c        0xc _build/nrf51822_xxac_ble_srv_common.c.o
                0x0002075c                ble_srv_report_ref_encode
 .text.local_db_update_in_evt
                0x00020768       0x80 _build/nrf51822_xxac_gatt_cache_manager.c.o
 .text.local_db_apply_in_evt.part.1
                0x000207e8       0x78 _build/nrf51822_xxac_gatt_cache_manager.c.o
 .text.service_changed_pending_flags_check.part.2
                0x00020860      0x10c _build/nrf51822_xxac_gatt_cache_manager.c.o
 .text.gcm_gscm_evt_handler
                0x0002096c       0x7c _build/nrf51822_xxac_gatt_cache_manager.c.o
                0x0002096c                gcm_gscm_evt_handler
 .text.gcm_im_evt_handler
                0x000209e8       0xa8 _build/nrf51822_xxac_gatt_cache_manager.c.o
                0x000209e8                gcm_im_evt_handler
 .text.gcm_smd_evt_handler
                0x00020a90       0x9c _build/nrf51822_xxac_gatt_cache_manager.c.o
                0x00020a90                gcm_smd_evt_handler
 .text.gcm_init
                0x00020b2c       0x50 _build/nrf51822_xxac_gatt_cache_manager.c.o
                0x00020b2c                gcm_init
 .text.gcm_ble_evt_handler
                0x00020b7c      0x13c _build/nrf51822_xxac_gatt_cache_manager.c.o
                0x00020b7c                gcm_ble_evt_handler
 .text.gcm_local_database_has_changed
                0x00020cb8       0x78 _build/nrf51822_xxac_gatt_cache_manager.c.o
                0x00020cb8                gcm_local_database_has_changed
 .text.sd_ble_gatts_service_changed
                0x00020d30        0x4 _build/nrf51822_xxac_gatts_cache_manager.c.o
 .text.sd_ble_gatts_sys_attr_set
                0x00020d34        0x4 _build/nrf51822_xxac_gatts_cache_manager.c.o
 .text.sd_ble_gatts_sys_attr_get
                0x00020d38        0x4 _build/nrf51822_xxac_gatts_cache_manager.c.o
 .text.gscm_pdb_evt_handler
                0x00020d3c       0x78 _build/nrf51822_xxac_gatts_cache_manager.c.o
                0x00020d3c                gscm_pdb_evt_handler
 .text.gscm_init
                0x00020db4       0x10 _build/nrf51822_xxac_gatts_cache_manager.c.o
                0x00020db4                gscm_init
 .text.gscm_local_db_cache_update
                0x00020dc4       0x9c _build/nrf51822_xxac_gatts_cache_manager.c.o
                0x00020dc4                gscm_local_db_cache_update
 .text.gscm_local_db_cache_apply
                0x00020e60       0x94 _build/nrf51822_xxac_gatts_cache_manager.c.o
                0x00020e60                gscm_local_db_cache_apply
 .text.gscm_local_database_has_changed
                0x00020ef4       0x48 _build/nrf51822_xxac_gatts_cache_manager.c.o
                0x00020ef4                gscm_local_database_has_changed
 .text.gscm_service_changed_ind_needed
                0x00020f3c       0x20 _build/nrf51822_xxac_gatts_cache_manager.c.o
                0x00020f3c                gscm_service_changed_ind_needed
 .text.gscm_service_changed_ind_send
                0x00020f5c       0x30 _build/nrf51822_xxac_gatts_cache_manager.c.o
                0x00020f5c                gscm_service_changed_ind_send
 .text.gscm_db_change_notification_done
                0x00020f8c       0x20 _build/nrf51822_xxac_gatts_cache_manager.c.o
                0x00020f8c                gscm_db_change_notification_done
 .text.sd_ble_gap_address_get
                0x00020fac        0x4 _build/nrf51822_xxac_id_manager.c.o
 .text.sd_ecb_block_encrypt
                0x00020fb0        0x4 _build/nrf51822_xxac_id_manager.c.o
 .text.im_ble_evt_handler
                0x00020fb4      0x2cc _build/nrf51822_xxac_id_manager.c.o
                0x00020fb4                im_ble_evt_handler
 .text.im_pdb_evt_handler
                0x00021280      0x178 _build/nrf51822_xxac_id_manager.c.o
                0x00021280                im_pdb_evt_handler
 .text.im_init  0x000213f8       0x48 _build/nrf51822_xxac_id_manager.c.o
                0x000213f8                im_init
 .text.im_peer_id_get_by_conn_handle
                0x00021440       0x80 _build/nrf51822_xxac_id_manager.c.o
                0x00021440                im_peer_id_get_by_conn_handle
 .text.im_ble_addr_get
                0x000214c0       0x8c _build/nrf51822_xxac_id_manager.c.o
                0x000214c0                im_ble_addr_get
 .text.im_master_ids_compare
                0x0002154c       0x58 _build/nrf51822_xxac_id_manager.c.o
                0x0002154c                im_master_ids_compare
 .text.im_peer_id_get_by_master_id
                0x000215a4       0xe4 _build/nrf51822_xxac_id_manager.c.o
                0x000215a4                im_peer_id_get_by_master_id
 .text.im_conn_handle_get
                0x00021688       0x6c _build/nrf51822_xxac_id_manager.c.o
                0x00021688                im_conn_handle_get
 .text.im_master_id_is_valid
                0x000216f4       0x40 _build/nrf51822_xxac_id_manager.c.o
                0x000216f4                im_master_id_is_valid
 .text.im_new_peer_id
                0x00021734       0x7c _build/nrf51822_xxac_id_manager.c.o
                0x00021734                im_new_peer_id
 .text.im_peer_free
                0x000217b0       0xf4 _build/nrf51822_xxac_id_manager.c.o
                0x000217b0                im_peer_free
 .text.nrf_ble_gatt_init
                0x000218a4        0x4 _build/nrf51822_xxac_nrf_ble_gatt.c.o
                0x000218a4                nrf_ble_gatt_init
 .text.nrf_ble_gatt_on_ble_evt
                0x000218a8        0x4 _build/nrf51822_xxac_nrf_ble_gatt.c.o
                0x000218a8                nrf_ble_gatt_on_ble_evt
 .text.peer_data_delete
                0x000218ac       0xa0 _build/nrf51822_xxac_peer_data_storage.c.o
 .text.fds_evt_handler
                0x0002194c      0x134 _build/nrf51822_xxac_peer_data_storage.c.o
 .text.pds_init
                0x00021a80       0x70 _build/nrf51822_xxac_peer_data_storage.c.o
                0x00021a80                pds_init
 .text.pds_peer_data_read
                0x00021af0       0x94 _build/nrf51822_xxac_peer_data_storage.c.o
                0x00021af0                pds_peer_data_read
 .text.pds_peer_data_iterate_prepare
                0x00021b84       0x14 _build/nrf51822_xxac_peer_data_storage.c.o
                0x00021b84                pds_peer_data_iterate_prepare
 .text.pds_peer_data_iterate
                0x00021b98       0x58 _build/nrf51822_xxac_peer_data_storage.c.o
                0x00021b98                pds_peer_data_iterate
 .text.pds_space_reserve
                0x00021bf0       0x30 _build/nrf51822_xxac_peer_data_storage.c.o
                0x00021bf0                pds_space_reserve
 .text.pds_space_reserve_cancel
                0x00021c20       0x18 _build/nrf51822_xxac_peer_data_storage.c.o
                0x00021c20                pds_space_reserve_cancel
 .text.pds_peer_data_store
                0x00021c38       0xc4 _build/nrf51822_xxac_peer_data_storage.c.o
                0x00021c38                pds_peer_data_store
 .text.pds_peer_id_allocate
                0x00021cfc       0x10 _build/nrf51822_xxac_peer_data_storage.c.o
                0x00021cfc                pds_peer_id_allocate
 .text.pds_peer_id_free
                0x00021d0c       0x18 _build/nrf51822_xxac_peer_data_storage.c.o
                0x00021d0c                pds_peer_id_free
 .text.pds_peer_id_is_allocated
                0x00021d24        0x8 _build/nrf51822_xxac_peer_data_storage.c.o
                0x00021d24                pds_peer_id_is_allocated
 .text.pds_next_peer_id_get
                0x00021d2c        0x8 _build/nrf51822_xxac_peer_data_storage.c.o
                0x00021d2c                pds_next_peer_id_get
 .text.pds_next_deleted_peer_id_get
                0x00021d34        0x8 _build/nrf51822_xxac_peer_data_storage.c.o
                0x00021d34                pds_next_deleted_peer_id_get
 .text.pdb_write_buf_store.part.2
                0x00021d3c      0x23c _build/nrf51822_xxac_peer_database.c.o
 .text.pdb_pds_evt_handler
                0x00021f78      0x3d4 _build/nrf51822_xxac_peer_database.c.o
                0x00021f78                pdb_pds_evt_handler
 .text.pdb_init
                0x0002234c      0x148 _build/nrf51822_xxac_peer_database.c.o
                0x0002234c                pdb_init
 .text.pdb_peer_allocate
                0x00022494        0x8 _build/nrf51822_xxac_peer_database.c.o
                0x00022494                pdb_peer_allocate
 .text.pdb_peer_free
                0x0002249c      0x358 _build/nrf51822_xxac_peer_database.c.o
                0x0002249c                pdb_peer_free
 .text.pdb_peer_data_ptr_get
                0x000227f4        0xc _build/nrf51822_xxac_peer_database.c.o
                0x000227f4                pdb_peer_data_ptr_get
 .text.pdb_write_buf_get
                0x00022800      0x408 _build/nrf51822_xxac_peer_database.c.o
                0x00022800                pdb_write_buf_get
 .text.pdb_write_buf_release
                0x00022c08      0x1a4 _build/nrf51822_xxac_peer_database.c.o
                0x00022c08                pdb_write_buf_release
 .text.pdb_write_buf_store_prepare
                0x00022dac      0x1b0 _build/nrf51822_xxac_peer_database.c.o
                0x00022dac                pdb_write_buf_store_prepare
 .text.pdb_write_buf_store
                0x00022f5c       0x18 _build/nrf51822_xxac_peer_database.c.o
                0x00022f5c                pdb_write_buf_store
 .text.pdb_next_peer_id_get
                0x00022f74        0x8 _build/nrf51822_xxac_peer_database.c.o
                0x00022f74                pdb_next_peer_id_get
 .text.pdb_next_deleted_peer_id_get
                0x00022f7c        0x8 _build/nrf51822_xxac_peer_database.c.o
                0x00022f7c                pdb_next_deleted_peer_id_get
 .text.pdb_raw_store
                0x00022f84        0xc _build/nrf51822_xxac_peer_database.c.o
                0x00022f84                pdb_raw_store
 .text.peer_id_init
                0x00022f90       0x2c _build/nrf51822_xxac_peer_id.c.o
                0x00022f90                peer_id_init
 .text.peer_id_allocate
                0x00022fbc       0x3c _build/nrf51822_xxac_peer_id.c.o
                0x00022fbc                peer_id_allocate
 .text.peer_id_delete
                0x00022ff8       0x2c _build/nrf51822_xxac_peer_id.c.o
                0x00022ff8                peer_id_delete
 .text.peer_id_free
                0x00023024       0x24 _build/nrf51822_xxac_peer_id.c.o
                0x00023024                peer_id_free
 .text.peer_id_is_allocated
                0x00023048       0x18 _build/nrf51822_xxac_peer_id.c.o
                0x00023048                peer_id_is_allocated
 .text.peer_id_get_next_used
                0x00023060       0x68 _build/nrf51822_xxac_peer_id.c.o
                0x00023060                peer_id_get_next_used
 .text.peer_id_get_next_deleted
                0x000230c8       0x44 _build/nrf51822_xxac_peer_id.c.o
                0x000230c8                peer_id_get_next_deleted
 .text.pm_pdb_evt_handler
                0x0002310c      0x1f8 _build/nrf51822_xxac_peer_manager.c.o
                0x0002310c                pm_pdb_evt_handler
 .text.pm_sm_evt_handler
                0x00023304      0x170 _build/nrf51822_xxac_peer_manager.c.o
                0x00023304                pm_sm_evt_handler
 .text.pm_gcm_evt_handler
                0x00023474       0x9c _build/nrf51822_xxac_peer_manager.c.o
                0x00023474                pm_gcm_evt_handler
 .text.pm_im_evt_handler
                0x00023510       0x78 _build/nrf51822_xxac_peer_manager.c.o
                0x00023510                pm_im_evt_handler
 .text.pm_on_ble_evt
                0x00023588       0x24 _build/nrf51822_xxac_peer_manager.c.o
                0x00023588                pm_on_ble_evt
 .text.pm_init  0x000235ac       0x90 _build/nrf51822_xxac_peer_manager.c.o
                0x000235ac                pm_init
 .text.pm_register
                0x0002363c       0x34 _build/nrf51822_xxac_peer_manager.c.o
                0x0002363c                pm_register
 .text.pm_sec_params_set
                0x00023670       0x1c _build/nrf51822_xxac_peer_manager.c.o
                0x00023670                pm_sec_params_set
 .text.pm_conn_sec_config_reply
                0x0002368c        0x8 _build/nrf51822_xxac_peer_manager.c.o
                0x0002368c                pm_conn_sec_config_reply
 .text.pm_local_database_has_changed
                0x00023694       0x14 _build/nrf51822_xxac_peer_manager.c.o
                0x00023694                pm_local_database_has_changed
 .text.pm_buffer_init
                0x000236a8       0x50 _build/nrf51822_xxac_pm_buffer.c.o
                0x000236a8                pm_buffer_init
 .text.pm_buffer_block_acquire
                0x000236f8       0x94 _build/nrf51822_xxac_pm_buffer.c.o
                0x000236f8                pm_buffer_block_acquire
 .text.pm_buffer_ptr_get
                0x0002378c       0x34 _build/nrf51822_xxac_pm_buffer.c.o
                0x0002378c                pm_buffer_ptr_get
 .text.pm_buffer_release
                0x000237c0       0x30 _build/nrf51822_xxac_pm_buffer.c.o
                0x000237c0                pm_buffer_release
 .text.pm_mutex_init
                0x000237f0       0x14 _build/nrf51822_xxac_pm_mutex.c.o
                0x000237f0                pm_mutex_init
 .text.pm_mutex_lock
                0x00023804       0x48 _build/nrf51822_xxac_pm_mutex.c.o
                0x00023804                pm_mutex_lock
 .text.pm_mutex_unlock
                0x0002384c       0x3c _build/nrf51822_xxac_pm_mutex.c.o
                0x0002384c                pm_mutex_unlock
 .text.pm_mutex_lock_first_available
                0x00023888       0x80 _build/nrf51822_xxac_pm_mutex.c.o
                0x00023888                pm_mutex_lock_first_available
 .text.pm_mutex_lock_status_get
                0x00023908       0x20 _build/nrf51822_xxac_pm_mutex.c.o
                0x00023908                pm_mutex_lock_status_get
 .text.sd_ble_gap_authenticate
                0x00023928        0x4 _build/nrf51822_xxac_security_dispatcher.c.o
 .text.sd_ble_gap_sec_params_reply
                0x0002392c        0x4 _build/nrf51822_xxac_security_dispatcher.c.o
 .text.sd_ble_gap_encrypt
                0x00023930        0x4 _build/nrf51822_xxac_security_dispatcher.c.o
 .text.sd_ble_gap_sec_info_reply
                0x00023934        0x4 _build/nrf51822_xxac_security_dispatcher.c.o
 .text.pairing_failure
                0x00023938       0x80 _build/nrf51822_xxac_security_dispatcher.c.o
 .text.smd_pdb_evt_handler
                0x000239b8       0x40 _build/nrf51822_xxac_security_dispatcher.c.o
                0x000239b8                smd_pdb_evt_handler
 .text.smd_init
                0x000239f8       0x68 _build/nrf51822_xxac_security_dispatcher.c.o
                0x000239f8                smd_init
 .text.smd_params_reply
                0x00023a60      0x1b8 _build/nrf51822_xxac_security_dispatcher.c.o
                0x00023a60                smd_params_reply
 .text.smd_link_secure
                0x00023c18      0x258 _build/nrf51822_xxac_security_dispatcher.c.o
                0x00023c18                smd_link_secure
 .text.smd_ble_evt_handler
                0x00023e70      0x3a0 _build/nrf51822_xxac_security_dispatcher.c.o
                0x00023e70                smd_ble_evt_handler
 .text.link_secure.part.1
                0x00024210      0x164 _build/nrf51822_xxac_security_manager.c.o
 .text.smd_params_reply_perform
                0x00024374      0x180 _build/nrf51822_xxac_security_manager.c.o
 .text.sm_smd_evt_handler
                0x000244f4       0x74 _build/nrf51822_xxac_security_manager.c.o
                0x000244f4                sm_smd_evt_handler
 .text.sm_pdb_evt_handler
                0x00024568      0x1a8 _build/nrf51822_xxac_security_manager.c.o
                0x00024568                sm_pdb_evt_handler
 .text.sm_init  0x00024710       0xb8 _build/nrf51822_xxac_security_manager.c.o
                0x00024710                sm_init
 .text.sm_ble_evt_handler
                0x000247c8       0xa0 _build/nrf51822_xxac_security_manager.c.o
                0x000247c8                sm_ble_evt_handler
 .text.sm_sec_params_set
                0x00024868       0x80 _build/nrf51822_xxac_security_manager.c.o
                0x00024868                sm_sec_params_set
 .text.sm_conn_sec_config_reply
                0x000248e8       0x18 _build/nrf51822_xxac_security_manager.c.o
                0x000248e8                sm_conn_sec_config_reply
 .text          0x00024900       0x4c _build/nrf51822_xxac_gcc_startup_nrf51.S.o
                0x00024900                Reset_Handler
                0x00024940                NMI_Handler
                0x00024942                HardFault_Handler
                0x00024944                SVC_Handler
                0x00024946                PendSV_Handler
                0x00024948                SysTick_Handler
                0x0002494a                RTC0_IRQHandler
                0x0002494a                RADIO_IRQHandler
                0x0002494a                SPI0_TWI0_IRQHandler
                0x0002494a                SWI4_IRQHandler
                0x0002494a                TEMP_IRQHandler
                0x0002494a                QDEC_IRQHandler
                0x0002494a                UART0_IRQHandler
                0x0002494a                SWI5_IRQHandler
                0x0002494a                TIMER0_IRQHandler
                0x0002494a                LPCOMP_IRQHandler
                0x0002494a                TIMER1_IRQHandler
                0x0002494a                ECB_IRQHandler
                0x0002494a                Default_Handler
                0x0002494a                ADC_IRQHandler
                0x0002494a                SWI3_IRQHandler
                0x0002494a                CCM_AAR_IRQHandler
                0x0002494a                WDT_IRQHandler
                0x0002494a                TIMER2_IRQHandler
                0x0002494a                RNG_IRQHandler
                0x0002494a                SPI1_TWI1_IRQHandler
                0x0002494a                SWI1_IRQHandler
 .text.SystemInit
                0x0002494c       0xe4 _build/nrf51822_xxac_system_nrf51.c.o
                0x0002494c                SystemInit
 .text.sd_ble_gatts_service_add
                0x00024a30        0x4 _build/nrf51822_xxac_ble_bas.c.o
 .text.sd_ble_gatts_characteristic_add
                0x00024a34        0x4 _build/nrf51822_xxac_ble_bas.c.o
 .text.sd_ble_gatts_descriptor_add
                0x00024a38        0x4 _build/nrf51822_xxac_ble_bas.c.o
 .text.sd_ble_gatts_value_set
                0x00024a3c        0x4 _build/nrf51822_xxac_ble_bas.c.o
 .text.sd_ble_gatts_hvx
                0x00024a40        0x4 _build/nrf51822_xxac_ble_bas.c.o
 .text.ble_bas_on_ble_evt
                0x00024a44       0x60 _build/nrf51822_xxac_ble_bas.c.o
                0x00024a44                ble_bas_on_ble_evt
 .text.ble_bas_init
                0x00024aa4      0x1d4 _build/nrf51822_xxac_ble_bas.c.o
                0x00024aa4                ble_bas_init
 .text.ble_bas_battery_level_update
                0x00024c78       0x84 _build/nrf51822_xxac_ble_bas.c.o
                0x00024c78                ble_bas_battery_level_update
 .text.sd_ble_gatts_service_add
                0x00024cfc        0x4 _build/nrf51822_xxac_ble_nds.c.o
 .text.sd_ble_gatts_characteristic_add
                0x00024d00        0x4 _build/nrf51822_xxac_ble_nds.c.o
 .text.sd_ble_gatts_value_set
                0x00024d04        0x4 _build/nrf51822_xxac_ble_nds.c.o
 .text.sd_ble_gatts_hvx
                0x00024d08        0x4 _build/nrf51822_xxac_ble_nds.c.o
 .text.sd_ble_gatts_rw_authorize_reply
                0x00024d0c        0x4 _build/nrf51822_xxac_ble_nds.c.o
 .text.sd_ble_uuid_vs_add
                0x00024d10        0x4 _build/nrf51822_xxac_ble_nds.c.o
 .text.ble_nds_init
                0x00024d14      0x240 _build/nrf51822_xxac_ble_nds.c.o
                0x00024d14                ble_nds_init
 .text.ble_nds_on_ble_evt
                0x00024f54      0x194 _build/nrf51822_xxac_ble_nds.c.o
                0x00024f54                ble_nds_on_ble_evt
 .text.ble_nds_detected_noise_value_broadcast
                0x000250e8       0x78 _build/nrf51822_xxac_ble_nds.c.o
                0x000250e8                ble_nds_detected_noise_value_broadcast
 .text.ble_nds_on_gatt_evt
                0x00025160       0x20 _build/nrf51822_xxac_ble_nds.c.o
                0x00025160                ble_nds_on_gatt_evt
 .text.sd_evt_get
                0x00025180        0x4 _build/nrf51822_xxac_softdevice_handler.c.o
 .text.sd_softdevice_enable
                0x00025184        0x4 _build/nrf51822_xxac_softdevice_handler.c.o
 .text.sd_ble_enable
                0x00025188        0x4 _build/nrf51822_xxac_softdevice_handler.c.o
 .text.sd_ble_evt_get
                0x0002518c        0x4 _build/nrf51822_xxac_softdevice_handler.c.o
 .text.softdevice_fault_handler
                0x00025190        0x8 _build/nrf51822_xxac_softdevice_handler.c.o
                0x00025190                softdevice_fault_handler
 .text.intern_softdevice_events_execute.part.1
                0x00025198       0xdc _build/nrf51822_xxac_softdevice_handler.c.o
 .text.softdevice_handler_is_enabled
                0x00025274        0xc _build/nrf51822_xxac_softdevice_handler.c.o
                0x00025274                softdevice_handler_is_enabled
 .text.softdevice_handler_init
                0x00025280       0xa4 _build/nrf51822_xxac_softdevice_handler.c.o
                0x00025280                softdevice_handler_init
 .text.softdevice_ble_evt_handler_set
                0x00025324       0x14 _build/nrf51822_xxac_softdevice_handler.c.o
                0x00025324                softdevice_ble_evt_handler_set
 .text.softdevice_sys_evt_handler_set
                0x00025338       0x14 _build/nrf51822_xxac_softdevice_handler.c.o
                0x00025338                softdevice_sys_evt_handler_set
 .text.SWI2_IRQHandler
                0x0002534c       0x30 _build/nrf51822_xxac_softdevice_handler.c.o
                0x0002534c                SWI2_IRQHandler
 .text.softdevice_enable_get_default_config
                0x0002537c       0x30 _build/nrf51822_xxac_softdevice_handler.c.o
                0x0002537c                softdevice_enable_get_default_config
 .text.softdevice_enable
                0x000253ac       0x1c _build/nrf51822_xxac_softdevice_handler.c.o
                0x000253ac                softdevice_enable
 .text          0x000253c8      0x114 c:/program files (x86)/gnu tools arm embedded/2017-q2-update/bin/../lib/gcc/arm-none-eabi/6.3.1/thumb/v6-m\libgcc.a(_udivsi3.o)
                0x000253c8                __aeabi_uidiv
                0x000253c8                __udivsi3
                0x000254d4                __aeabi_uidivmod
 .text          0x000254dc      0x1d4 c:/program files (x86)/gnu tools arm embedded/2017-q2-update/bin/../lib/gcc/arm-none-eabi/6.3.1/thumb/v6-m\libgcc.a(_divsi3.o)
                0x000254dc                __divsi3
                0x000254dc                __aeabi_idiv
                0x000256a8                __aeabi_idivmod
 .text          0x000256b0        0x4 c:/program files (x86)/gnu tools arm embedded/2017-q2-update/bin/../lib/gcc/arm-none-eabi/6.3.1/thumb/v6-m\libgcc.a(_dvmd_tls.o)
                0x000256b0                __aeabi_idiv0
                0x000256b0                __aeabi_ldiv0
 .text.memcmp   0x000256b4       0x1e c:/program files (x86)/gnu tools arm embedded/2017-q2-update/bin/../lib/gcc/arm-none-eabi/6.3.1/../../../../arm-none-eabi/lib/thumb/v6-m\libc_nano.a(lib_a-memcmp.o)
                0x000256b4                memcmp
 .text.memcpy   0x000256d2       0x12 c:/program files (x86)/gnu tools arm embedded/2017-q2-update/bin/../lib/gcc/arm-none-eabi/6.3.1/../../../../arm-none-eabi/lib/thumb/v6-m\libc_nano.a(lib_a-memcpy-stub.o)
                0x000256d2                memcpy
 .text          0x000256e4        0xe c:/program files (x86)/gnu tools arm embedded/2017-q2-update/bin/../lib/gcc/arm-none-eabi/6.3.1/../../../../arm-none-eabi/lib/thumb/v6-m\libc_nano.a(lib_a-strlen.o)
                0x000256e4                strlen
 *(.init)
 *fill*         0x000256f2        0x2 
 .init          0x000256f4        0x4 c:/program files (x86)/gnu tools arm embedded/2017-q2-update/bin/../lib/gcc/arm-none-eabi/6.3.1/thumb/v6-m/crti.o
                0x000256f4                _init
 .init          0x000256f8        0x8 c:/program files (x86)/gnu tools arm embedded/2017-q2-update/bin/../lib/gcc/arm-none-eabi/6.3.1/thumb/v6-m/crtn.o
 *(.fini)
 .fini          0x00025700        0x4 c:/program files (x86)/gnu tools arm embedded/2017-q2-update/bin/../lib/gcc/arm-none-eabi/6.3.1/thumb/v6-m/crti.o
                0x00025700                _fini
 .fini          0x00025704        0x8 c:/program files (x86)/gnu tools arm embedded/2017-q2-update/bin/../lib/gcc/arm-none-eabi/6.3.1/thumb/v6-m/crtn.o
 *crtbegin.o(.ctors)
 *crtbegin?.o(.ctors)
 *(EXCLUDE_FILE(*crtend.o *crtend?.o) .ctors)
 *(SORT(.ctors.*))
 *(.ctors)
 *crtbegin.o(.dtors)
 *crtbegin?.o(.dtors)
 *(EXCLUDE_FILE(*crtend.o *crtend?.o) .dtors)
 *(SORT(.dtors.*))
 *(.dtors)
 *(.rodata*)
 .rodata._global_impure_ptr
                0x0002570c        0x4 c:/program files (x86)/gnu tools arm embedded/2017-q2-update/bin/../lib/gcc/arm-none-eabi/6.3.1/../../../../arm-none-eabi/lib/thumb/v6-m\libc_nano.a(lib_a-impure.o)
                0x0002570c                _global_impure_ptr
 .rodata.m_detection_delay_timer_id
                0x00025710        0x4 _build/nrf51822_xxac_app_button.c.o
 .rodata.queue_process
                0x00025714       0xb4 _build/nrf51822_xxac_fds.c.o
 .rodata.fds_init
                0x000257c8       0x30 _build/nrf51822_xxac_fds.c.o
 .rodata.m_fds_tl_dirty
                0x000257f8        0x4 _build/nrf51822_xxac_fds.c.o
 .rodata.page_tag_data.6292
                0x000257fc        0x8 _build/nrf51822_xxac_fds.c.o
 .rodata.page_tag_swap.6288
                0x00025804        0x8 _build/nrf51822_xxac_fds.c.o
 .rodata.leds_timer_handler
                0x0002580c       0x60 _build/nrf51822_xxac_bsp.c.o
 .rodata.bsp_indication_set
                0x0002586c       0x60 _build/nrf51822_xxac_bsp.c.o
 .rodata.app_buttons
                0x000258cc        0x8 _build/nrf51822_xxac_bsp.c.o
 .rodata.m_alert_timer_id
                0x000258d4        0x4 _build/nrf51822_xxac_bsp.c.o
 .rodata.m_button_timer_id
                0x000258d8        0x4 _build/nrf51822_xxac_bsp.c.o
 .rodata.m_leds_timer_id
                0x000258dc        0x4 _build/nrf51822_xxac_bsp.c.o
 .rodata.pm_evt_handler
                0x000258e0       0x30 _build/nrf51822_xxac_main.c.o
 .rodata        0x00025910        0x4 _build/nrf51822_xxac_main.c.o
 .rodata.m_battery_timer_id
                0x00025914        0x4 _build/nrf51822_xxac_main.c.o
 .rodata.m_noise_detector_timer_id
                0x00025918        0x4 _build/nrf51822_xxac_main.c.o
 .rodata.main.str1.4
                0x0002591c       0x10 _build/nrf51822_xxac_main.c.o
                                  0xf (size before relaxing)
 .rodata.ble_advertising_start.part.1
                0x0002592c       0x14 _build/nrf51822_xxac_ble_advertising.c.o
 .rodata.m_conn_params_timer_id
                0x00025940        0x4 _build/nrf51822_xxac_ble_conn_params.c.o
 .rodata        0x00025944       0x10 _build/nrf51822_xxac_gatts_cache_manager.c.o
 .rodata.service_changed_pending.7163
                0x00025954        0x4 _build/nrf51822_xxac_gatts_cache_manager.c.o
 .rodata.service_changed_pending.7226
                0x00025958        0x4 _build/nrf51822_xxac_gatts_cache_manager.c.o
 .rodata.fds_evt_handler
                0x0002595c       0x18 _build/nrf51822_xxac_peer_data_storage.c.o
 .rodata.pdb_pds_evt_handler
                0x00025974       0x50 _build/nrf51822_xxac_peer_database.c.o
 .rodata.m_evt_handlers
                0x000259c4       0x14 _build/nrf51822_xxac_peer_database.c.o
 .rodata.pm_pdb_evt_handler
                0x000259d8       0x28 _build/nrf51822_xxac_peer_manager.c.o
 .rodata.pm_sm_evt_handler
                0x00025a00       0x34 _build/nrf51822_xxac_peer_manager.c.o
 .rodata.pm_gcm_evt_handler
                0x00025a34       0x28 _build/nrf51822_xxac_peer_manager.c.o
 .rodata.smd_ble_evt_handler
                0x00025a5c       0x38 _build/nrf51822_xxac_security_dispatcher.c.o
 .rodata        0x00025a94       0x10 _build/nrf51822_xxac_ble_nds.c.o
 *(.eh_frame*)
 .eh_frame      0x00025aa4        0x0 c:/program files (x86)/gnu tools arm embedded/2017-q2-update/bin/../lib/gcc/arm-none-eabi/6.3.1/thumb/v6-m/crtbegin.o
 .eh_frame      0x00025aa4        0x4 c:/program files (x86)/gnu tools arm embedded/2017-q2-update/bin/../lib/gcc/arm-none-eabi/6.3.1/thumb/v6-m/crtend.o

.glue_7         0x00025aa8        0x0
 .glue_7        0x00025aa8        0x0 linker stubs

.glue_7t        0x00025aa8        0x0
 .glue_7t       0x00025aa8        0x0 linker stubs

.vfp11_veneer   0x00025aa8        0x0
 .vfp11_veneer  0x00025aa8        0x0 linker stubs

.v4_bx          0x00025aa8        0x0
 .v4_bx         0x00025aa8        0x0 linker stubs

.iplt           0x00025aa8        0x0
 .iplt          0x00025aa8        0x0 c:/program files (x86)/gnu tools arm embedded/2017-q2-update/bin/../lib/gcc/arm-none-eabi/6.3.1/thumb/v6-m/crtbegin.o

.ARM.extab
 *(.ARM.extab* .gnu.linkonce.armextab.*)
                0x00025aa8                __exidx_start = .

.ARM.exidx      0x00025aa8        0x8
 *(.ARM.exidx* .gnu.linkonce.armexidx.*)
 .ARM.exidx     0x00025aa8        0x8 c:/program files (x86)/gnu tools arm embedded/2017-q2-update/bin/../lib/gcc/arm-none-eabi/6.3.1/../../../../arm-none-eabi/lib/thumb/v6-m/crt0.o
                0x00025ab0                __exidx_end = .
                0x00025ab0                __etext = .

.rel.dyn        0x00025ab0        0x0
 .rel.iplt      0x00025ab0        0x0 c:/program files (x86)/gnu tools arm embedded/2017-q2-update/bin/../lib/gcc/arm-none-eabi/6.3.1/thumb/v6-m/crtbegin.o

.data           0x20001fe8       0x90 load address 0x00025ab0
                0x20001fe8                __data_start__ = .
 *(vtable)
 *(.data*)
 .data.impure_data
                0x20001fe8       0x60 c:/program files (x86)/gnu tools arm embedded/2017-q2-update/bin/../lib/gcc/arm-none-eabi/6.3.1/../../../../arm-none-eabi/lib/thumb/v6-m\libc_nano.a(lib_a-impure.o)
 .data.m_conn_handle
                0x20002048        0x2 _build/nrf51822_xxac_main.c.o
 .data.m_is_battery_level_checked
                0x2000204a        0x1 _build/nrf51822_xxac_main.c.o
                0x2000204a                m_is_battery_level_checked
 *fill*         0x2000204b        0x1 
 .data.m_whitelist
                0x2000204c       0x10 _build/nrf51822_xxac_ble_advertising.c.o
 .data.m_flag_sec_proc
                0x2000205c        0x1 _build/nrf51822_xxac_security_dispatcher.c.o
 .data.m_flag_sec_proc_new_peer
                0x2000205d        0x1 _build/nrf51822_xxac_security_dispatcher.c.o
 .data.m_flag_sec_proc_pairing
                0x2000205e        0x1 _build/nrf51822_xxac_security_dispatcher.c.o
 .data.m_flag_link_secure_force_repairing
                0x2000205f        0x1 _build/nrf51822_xxac_security_manager.c.o
 .data.m_flag_link_secure_null_params
                0x20002060        0x1 _build/nrf51822_xxac_security_manager.c.o
 .data.m_flag_link_secure_pending_busy
                0x20002061        0x1 _build/nrf51822_xxac_security_manager.c.o
 .data.m_flag_link_secure_pending_flash_full
                0x20002062        0x1 _build/nrf51822_xxac_security_manager.c.o
 .data.m_flag_params_reply_pending_busy
                0x20002063        0x1 _build/nrf51822_xxac_security_manager.c.o
 .data.m_flag_params_reply_pending_flash_full
                0x20002064        0x1 _build/nrf51822_xxac_security_manager.c.o
 .data.m_flag_reject_pairing
                0x20002065        0x1 _build/nrf51822_xxac_security_manager.c.o
 *fill*         0x20002066        0x2 
 .data.SystemCoreClock
                0x20002068        0x4 _build/nrf51822_xxac_system_nrf51.c.o
                0x20002068                SystemCoreClock
                0x2000206c                . = ALIGN (0x4)
                0x2000206c                PROVIDE (__preinit_array_start, .)
 *(.preinit_array)
                0x2000206c                PROVIDE (__preinit_array_end, .)
                0x2000206c                . = ALIGN (0x4)
                0x2000206c                PROVIDE (__init_array_start, .)
 *(SORT(.init_array.*))
 *(.init_array)
 .init_array    0x2000206c        0x4 c:/program files (x86)/gnu tools arm embedded/2017-q2-update/bin/../lib/gcc/arm-none-eabi/6.3.1/thumb/v6-m/crtbegin.o
                0x20002070                PROVIDE (__init_array_end, .)
                0x20002070                . = ALIGN (0x4)
                [!provide]                PROVIDE (__fini_array_start, .)
 *(SORT(.fini_array.*))
 *(.fini_array)
 .fini_array    0x20002070        0x4 c:/program files (x86)/gnu tools arm embedded/2017-q2-update/bin/../lib/gcc/arm-none-eabi/6.3.1/thumb/v6-m/crtbegin.o
                [!provide]                PROVIDE (__fini_array_end, .)
 *(.jcr*)
 .jcr           0x20002074        0x0 c:/program files (x86)/gnu tools arm embedded/2017-q2-update/bin/../lib/gcc/arm-none-eabi/6.3.1/thumb/v6-m/crtbegin.o
 .jcr           0x20002074        0x4 c:/program files (x86)/gnu tools arm embedded/2017-q2-update/bin/../lib/gcc/arm-none-eabi/6.3.1/thumb/v6-m/crtend.o
                0x20002078                . = ALIGN (0x4)
                0x20002078                __data_end__ = .
LOAD c:/program files (x86)/gnu tools arm embedded/2017-q2-update/bin/../lib/gcc/arm-none-eabi/6.3.1/thumb/v6-m/crti.o
LOAD c:/program files (x86)/gnu tools arm embedded/2017-q2-update/bin/../lib/gcc/arm-none-eabi/6.3.1/thumb/v6-m/crtbegin.o
LOAD c:/program files (x86)/gnu tools arm embedded/2017-q2-update/bin/../lib/gcc/arm-none-eabi/6.3.1/../../../../arm-none-eabi/lib/thumb/v6-m/crt0.o
LOAD c:/program files (x86)/gnu tools arm embedded/2017-q2-update/bin/../lib/gcc/arm-none-eabi/6.3.1/../../../../arm-none-eabi/lib/thumb/v6-m\libc_nano.a
LOAD c:/program files (x86)/gnu tools arm embedded/2017-q2-update/bin/../lib/gcc/arm-none-eabi/6.3.1/../../../../arm-none-eabi/lib/thumb/v6-m\libnosys.a
LOAD _build/nrf51822_xxac_nrf_log_backend_serial.c.o
LOAD _build/nrf51822_xxac_nrf_log_frontend.c.o
LOAD _build/nrf51822_xxac_app_button.c.o
LOAD _build/nrf51822_xxac_app_error.c.o
LOAD _build/nrf51822_xxac_app_error_weak.c.o
LOAD _build/nrf51822_xxac_app_timer.c.o
LOAD _build/nrf51822_xxac_app_util_platform.c.o
LOAD _build/nrf51822_xxac_crc16.c.o
LOAD _build/nrf51822_xxac_fds.c.o
LOAD _build/nrf51822_xxac_fstorage.c.o
LOAD _build/nrf51822_xxac_hardfault_implementation.c.o
LOAD _build/nrf51822_xxac_nrf_assert.c.o
LOAD _build/nrf51822_xxac_sdk_errors.c.o
LOAD _build/nrf51822_xxac_sdk_mapped_flags.c.o
LOAD _build/nrf51822_xxac_sensorsim.c.o
LOAD _build/nrf51822_xxac_boards.c.o
LOAD _build/nrf51822_xxac_nrf_drv_clock.c.o
LOAD _build/nrf51822_xxac_nrf_drv_common.c.o
LOAD _build/nrf51822_xxac_nrf_drv_gpiote.c.o
LOAD _build/nrf51822_xxac_nrf_drv_uart.c.o
LOAD _build/nrf51822_xxac_nrf_adc.c.o
LOAD _build/nrf51822_xxac_bsp.c.o
LOAD _build/nrf51822_xxac_bsp_btn_ble.c.o
LOAD _build/nrf51822_xxac_bsp_nfc.c.o
LOAD _build/nrf51822_xxac_bsp_custom_1_btn_ble.c.o
LOAD _build/nrf51822_xxac_main.c.o
LOAD _build/nrf51822_xxac_RTT_Syscalls_GCC.c.o
LOAD _build/nrf51822_xxac_SEGGER_RTT.c.o
LOAD _build/nrf51822_xxac_SEGGER_RTT_printf.c.o
LOAD _build/nrf51822_xxac_ble_advdata.c.o
LOAD _build/nrf51822_xxac_ble_advertising.c.o
LOAD _build/nrf51822_xxac_ble_conn_params.c.o
LOAD _build/nrf51822_xxac_ble_conn_state.c.o
LOAD _build/nrf51822_xxac_ble_srv_common.c.o
LOAD _build/nrf51822_xxac_gatt_cache_manager.c.o
LOAD _build/nrf51822_xxac_gatts_cache_manager.c.o
LOAD _build/nrf51822_xxac_id_manager.c.o
LOAD _build/nrf51822_xxac_nrf_ble_gatt.c.o
LOAD _build/nrf51822_xxac_peer_data.c.o
LOAD _build/nrf51822_xxac_peer_data_storage.c.o
LOAD _build/nrf51822_xxac_peer_database.c.o
LOAD _build/nrf51822_xxac_peer_id.c.o
LOAD _build/nrf51822_xxac_peer_manager.c.o
LOAD _build/nrf51822_xxac_pm_buffer.c.o
LOAD _build/nrf51822_xxac_pm_mutex.c.o
LOAD _build/nrf51822_xxac_security_dispatcher.c.o
LOAD _build/nrf51822_xxac_security_manager.c.o
LOAD _build/nrf51822_xxac_gcc_startup_nrf51.S.o
LOAD _build/nrf51822_xxac_system_nrf51.c.o
LOAD _build/nrf51822_xxac_ble_bas.c.o
LOAD _build/nrf51822_xxac_ble_dis.c.o
LOAD _build/nrf51822_xxac_ble_nds.c.o
LOAD _build/nrf51822_xxac_softdevice_handler.c.o
LOAD c:/program files (x86)/gnu tools arm embedded/2017-q2-update/bin/../lib/gcc/arm-none-eabi/6.3.1/../../../../arm-none-eabi/lib/thumb/v6-m\libm.a
START GROUP
LOAD c:/program files (x86)/gnu tools arm embedded/2017-q2-update/bin/../lib/gcc/arm-none-eabi/6.3.1/thumb/v6-m\libgcc.a
LOAD c:/program files (x86)/gnu tools arm embedded/2017-q2-update/bin/../lib/gcc/arm-none-eabi/6.3.1/../../../../arm-none-eabi/lib/thumb/v6-m\libc_nano.a
END GROUP
START GROUP
LOAD c:/program files (x86)/gnu tools arm embedded/2017-q2-update/bin/../lib/gcc/arm-none-eabi/6.3.1/thumb/v6-m\libgcc.a
LOAD c:/program files (x86)/gnu tools arm embedded/2017-q2-update/bin/../lib/gcc/arm-none-eabi/6.3.1/../../../../arm-none-eabi/lib/thumb/v6-m\libc_nano.a
END GROUP
LOAD c:/program files (x86)/gnu tools arm embedded/2017-q2-update/bin/../lib/gcc/arm-none-eabi/6.3.1/thumb/v6-m/crtend.o
LOAD c:/program files (x86)/gnu tools arm embedded/2017-q2-update/bin/../lib/gcc/arm-none-eabi/6.3.1/thumb/v6-m/crtn.o
START GROUP
LOAD c:/program files (x86)/gnu tools arm embedded/2017-q2-update/bin/../lib/gcc/arm-none-eabi/6.3.1/thumb/v6-m\libgcc.a
LOAD c:/program files (x86)/gnu tools arm embedded/2017-q2-update/bin/../lib/gcc/arm-none-eabi/6.3.1/../../../../arm-none-eabi/lib/thumb/v6-m\libc.a
LOAD c:/program files (x86)/gnu tools arm embedded/2017-q2-update/bin/../lib/gcc/arm-none-eabi/6.3.1/../../../../arm-none-eabi/lib/thumb/v6-m\libnosys.a
END GROUP

.igot.plt       0x20002078        0x0 load address 0x00025b40
 .igot.plt      0x20002078        0x0 c:/program files (x86)/gnu tools arm embedded/2017-q2-update/bin/../lib/gcc/arm-none-eabi/6.3.1/thumb/v6-m/crtbegin.o

.fs_data        0x20002078       0x10 load address 0x00025b40
                0x20002078                PROVIDE (__start_fs_data, .)
 *(.fs_data)
 .fs_data       0x20002078       0x10 _build/nrf51822_xxac_fds.c.o
                0x20002088                PROVIDE (__stop_fs_data, .)

.pwr_mgmt_data  0x20002088        0x0
                [!provide]                PROVIDE (__start_pwr_mgmt_data, .)
 *(.pwr_mgmt_data)
                [!provide]                PROVIDE (__stop_pwr_mgmt_data, .)

.bss            0x20002088      0xbec load address 0x00025b50
                0x20002088                . = ALIGN (0x4)
                0x20002088                __bss_start__ = .
 *(.bss*)
 .bss           0x20002088       0x1c c:/program files (x86)/gnu tools arm embedded/2017-q2-update/bin/../lib/gcc/arm-none-eabi/6.3.1/thumb/v6-m/crtbegin.o
 .bss.m_button_count
                0x200020a4        0x1 _build/nrf51822_xxac_app_button.c.o
 *fill*         0x200020a5        0x3 
 .bss.m_detection_delay
                0x200020a8        0x4 _build/nrf51822_xxac_app_button.c.o
 .bss.m_detection_delay_timer_id_data
                0x200020ac       0x20 _build/nrf51822_xxac_app_button.c.o
 .bss.m_pin_state
                0x200020cc        0x4 _build/nrf51822_xxac_app_button.c.o
 .bss.m_pin_transition
                0x200020d0        0x4 _build/nrf51822_xxac_app_button.c.o
 .bss.mp_buttons
                0x200020d4        0x4 _build/nrf51822_xxac_app_button.c.o
 .bss.m_evt_schedule_func
                0x200020d8        0x4 _build/nrf51822_xxac_app_timer.c.o
 .bss.m_op_queue
                0x200020dc        0x8 _build/nrf51822_xxac_app_timer.c.o
 .bss.m_rtc1_reset
                0x200020e4        0x1 _build/nrf51822_xxac_app_timer.c.o
 .bss.m_rtc1_running
                0x200020e5        0x1 _build/nrf51822_xxac_app_timer.c.o
 *fill*         0x200020e6        0x2 
 .bss.m_ticks_elapsed
                0x200020e8        0x8 _build/nrf51822_xxac_app_timer.c.o
 .bss.m_ticks_elapsed_q_read_ind
                0x200020f0        0x1 _build/nrf51822_xxac_app_timer.c.o
 .bss.m_ticks_elapsed_q_write_ind
                0x200020f1        0x1 _build/nrf51822_xxac_app_timer.c.o
 *fill*         0x200020f2        0x2 
 .bss.m_ticks_latest
                0x200020f4        0x4 _build/nrf51822_xxac_app_timer.c.o
 .bss.mp_timer_id_head
                0x200020f8        0x4 _build/nrf51822_xxac_app_timer.c.o
 .bss.desc.6521
                0x200020fc        0xc _build/nrf51822_xxac_fds.c.o
 .bss.m_cb_table
                0x20002108       0x20 _build/nrf51822_xxac_fds.c.o
 .bss.m_chunk_queue
                0x20002128       0x48 _build/nrf51822_xxac_fds.c.o
 .bss.m_flags   0x20002170        0x1 _build/nrf51822_xxac_fds.c.o
 *fill*         0x20002171        0x3 
 .bss.m_gc      0x20002174       0x10 _build/nrf51822_xxac_fds.c.o
 .bss.m_latest_rec_id
                0x20002184        0x4 _build/nrf51822_xxac_fds.c.o
 .bss.m_op_queue
                0x20002188       0x78 _build/nrf51822_xxac_fds.c.o
 .bss.m_pages   0x20002200       0x20 _build/nrf51822_xxac_fds.c.o
 .bss.m_swap_page
                0x20002220        0x8 _build/nrf51822_xxac_fds.c.o
 .bss.m_users   0x20002228        0x1 _build/nrf51822_xxac_fds.c.o
 *fill*         0x20002229        0x1 
 .bss.page.6522
                0x2000222a        0x2 _build/nrf51822_xxac_fds.c.o
 .bss.tok.6427  0x2000222c        0x8 _build/nrf51822_xxac_fds.c.o
 .bss.m_flags   0x20002234        0x1 _build/nrf51822_xxac_fstorage.c.o
 *fill*         0x20002235        0x3 
 .bss.m_queue   0x20002238       0x68 _build/nrf51822_xxac_fstorage.c.o
 .bss.m_retry_count
                0x200022a0        0x1 _build/nrf51822_xxac_fstorage.c.o
 *fill*         0x200022a1        0x3 
 .bss.m_clock_cb
                0x200022a4       0x14 _build/nrf51822_xxac_nrf_drv_clock.c.o
 .bss.m_cb      0x200022b8       0x48 _build/nrf51822_xxac_nrf_drv_gpiote.c.o
 .bss.current_long_push_pin_no.6095
                0x20002300        0x1 _build/nrf51822_xxac_bsp.c.o
 *fill*         0x20002301        0x3 
 .bss.m_alert_timer_id_data
                0x20002304       0x20 _build/nrf51822_xxac_bsp.c.o
 .bss.m_app_ticks_per_100ms
                0x20002324        0x4 _build/nrf51822_xxac_bsp.c.o
 .bss.m_button_timer_id_data
                0x20002328       0x20 _build/nrf51822_xxac_bsp.c.o
 .bss.m_events_list
                0x20002348        0x3 _build/nrf51822_xxac_bsp.c.o
 *fill*         0x2000234b        0x1 
 .bss.m_indication_type
                0x2000234c        0x4 _build/nrf51822_xxac_bsp.c.o
 .bss.m_leds_clear
                0x20002350        0x1 _build/nrf51822_xxac_bsp.c.o
 *fill*         0x20002351        0x3 
 .bss.m_leds_timer_id_data
                0x20002354       0x20 _build/nrf51822_xxac_bsp.c.o
 .bss.m_registered_callback
                0x20002374        0x4 _build/nrf51822_xxac_bsp.c.o
 .bss.m_stable_state
                0x20002378        0x1 _build/nrf51822_xxac_bsp.c.o
 *fill*         0x20002379        0x3 
 .bss.release_event_at_push.6096
                0x2000237c        0x1 _build/nrf51822_xxac_bsp.c.o
 *fill*         0x2000237d        0x3 
 .bss.m_error_handler
                0x20002380        0x4 _build/nrf51822_xxac_bsp_custom_1_btn_ble.c.o
 .bss.m_num_connections
                0x20002384        0x4 _build/nrf51822_xxac_bsp_custom_1_btn_ble.c.o
 .bss.APP_TIMER_BUF.9090
                0x20002388       0x78 _build/nrf51822_xxac_main.c.o
 .bss.BLE_EVT_BUFFER.9165
                0x20002400       0xd0 _build/nrf51822_xxac_main.c.o
 .bss.battery_voltage_buffer.9068
                0x200024d0       0x10 _build/nrf51822_xxac_main.c.o
 .bss.buffer_index.9069
                0x200024e0        0x1 _build/nrf51822_xxac_main.c.o
 *fill*         0x200024e1        0x3 
 .bss.detected_value_buffer.9082
                0x200024e4       0x14 _build/nrf51822_xxac_main.c.o
 .bss.m_adv_uuids.9199
                0x200024f8        0x4 _build/nrf51822_xxac_main.c.o
 .bss.m_bas     0x200024fc       0x18 _build/nrf51822_xxac_main.c.o
 .bss.m_battery_timer_id_data
                0x20002514       0x20 _build/nrf51822_xxac_main.c.o
 .bss.m_gatt    0x20002534       0x10 _build/nrf51822_xxac_main.c.o
 .bss.m_nds     0x20002544       0x2c _build/nrf51822_xxac_main.c.o
 .bss.m_noise_detector_timer_id_data
                0x20002570       0x20 _build/nrf51822_xxac_main.c.o
 .bss.m_adv_evt
                0x20002590        0x1 _build/nrf51822_xxac_ble_advertising.c.o
 .bss.m_adv_mode_current
                0x20002591        0x1 _build/nrf51822_xxac_ble_advertising.c.o
 *fill*         0x20002592        0x2 
 .bss.m_adv_modes_config
                0x20002594       0x20 _build/nrf51822_xxac_ble_advertising.c.o
 .bss.m_advdata
                0x200025b4       0x3c _build/nrf51822_xxac_ble_advertising.c.o
 .bss.m_advertising_start_pending
                0x200025f0        0x1 _build/nrf51822_xxac_ble_advertising.c.o
 *fill*         0x200025f1        0x1 
 .bss.m_current_slave_link_conn_handle
                0x200025f2        0x2 _build/nrf51822_xxac_ble_advertising.c.o
 .bss.m_error_handler
                0x200025f4        0x4 _build/nrf51822_xxac_ble_advertising.c.o
 .bss.m_evt_handler
                0x200025f8        0x4 _build/nrf51822_xxac_ble_advertising.c.o
 .bss.m_initialized
                0x200025fc        0x1 _build/nrf51822_xxac_ble_advertising.c.o
 *fill*         0x200025fd        0x3 
 .bss.m_manuf_data_array
                0x20002600       0x1f _build/nrf51822_xxac_ble_advertising.c.o
 *fill*         0x2000261f        0x1 
 .bss.m_manuf_specific_data
                0x20002620        0xc _build/nrf51822_xxac_ble_advertising.c.o
 .bss.m_p_whitelist_addrs
                0x2000262c       0x20 _build/nrf51822_xxac_ble_advertising.c.o
 .bss.m_p_whitelist_irks
                0x2000264c       0x20 _build/nrf51822_xxac_ble_advertising.c.o
 .bss.m_peer_addr_reply_expected
                0x2000266c        0x1 _build/nrf51822_xxac_ble_advertising.c.o
 *fill*         0x2000266d        0x3 
 .bss.m_peer_address
                0x20002670        0x7 _build/nrf51822_xxac_ble_advertising.c.o
 *fill*         0x20002677        0x1 
 .bss.m_service_data
                0x20002678        0xc _build/nrf51822_xxac_ble_advertising.c.o
 .bss.m_service_data_array
                0x20002684       0x1f _build/nrf51822_xxac_ble_advertising.c.o
 *fill*         0x200026a3        0x1 
 .bss.m_slave_conn_int
                0x200026a4        0x4 _build/nrf51822_xxac_ble_advertising.c.o
 .bss.m_whitelist_addrs
                0x200026a8       0x38 _build/nrf51822_xxac_ble_advertising.c.o
 .bss.m_whitelist_irks
                0x200026e0       0x80 _build/nrf51822_xxac_ble_advertising.c.o
 .bss.m_whitelist_reply_expected
                0x20002760        0x1 _build/nrf51822_xxac_ble_advertising.c.o
 .bss.m_whitelist_temporarily_disabled
                0x20002761        0x1 _build/nrf51822_xxac_ble_advertising.c.o
 .bss.m_change_param
                0x20002762        0x1 _build/nrf51822_xxac_ble_conn_params.c.o
 *fill*         0x20002763        0x1 
 .bss.m_conn_handle
                0x20002764        0x2 _build/nrf51822_xxac_ble_conn_params.c.o
 *fill*         0x20002766        0x2 
 .bss.m_conn_params_config
                0x20002768       0x1c _build/nrf51822_xxac_ble_conn_params.c.o
 .bss.m_conn_params_timer_id_data
                0x20002784       0x20 _build/nrf51822_xxac_ble_conn_params.c.o
 .bss.m_current_conn_params
                0x200027a4        0x8 _build/nrf51822_xxac_ble_conn_params.c.o
 .bss.m_preferred_conn_params
                0x200027ac        0x8 _build/nrf51822_xxac_ble_conn_params.c.o
 .bss.m_update_count
                0x200027b4        0x1 _build/nrf51822_xxac_ble_conn_params.c.o
 *fill*         0x200027b5        0x3 
 .bss.m_bcs     0x200027b8       0x34 _build/nrf51822_xxac_ble_conn_state.c.o
 .bss.m_flag_local_db_apply_pending
                0x200027ec        0x1 _build/nrf51822_xxac_gatt_cache_manager.c.o
 .bss.m_flag_local_db_update_pending
                0x200027ed        0x1 _build/nrf51822_xxac_gatt_cache_manager.c.o
 .bss.m_flag_service_changed_pending
                0x200027ee        0x1 _build/nrf51822_xxac_gatt_cache_manager.c.o
 .bss.m_flag_service_changed_sent
                0x200027ef        0x1 _build/nrf51822_xxac_gatt_cache_manager.c.o
 .bss.m_current_sc_store_peer_id
                0x200027f0        0x2 _build/nrf51822_xxac_gatts_cache_manager.c.o
 .bss.start_handle.7218
                0x200027f2        0x2 _build/nrf51822_xxac_gatts_cache_manager.c.o
 .bss.m_conn_state_user_flag_id
                0x200027f4        0x1 _build/nrf51822_xxac_id_manager.c.o
 *fill*         0x200027f5        0x3 
 .bss.m_connections
                0x200027f8       0x60 _build/nrf51822_xxac_id_manager.c.o
 .bss.m_current_id_addr
                0x20002858        0x7 _build/nrf51822_xxac_id_manager.c.o
 *fill*         0x2000285f        0x1 
 .bss.m_fds_ftok
                0x20002860        0x8 _build/nrf51822_xxac_peer_data_storage.c.o
 .bss.m_peer_delete_ongoing
                0x20002868        0x1 _build/nrf51822_xxac_peer_data_storage.c.o
 .bss.m_peer_delete_queued
                0x20002869        0x1 _build/nrf51822_xxac_peer_data_storage.c.o
 *fill*         0x2000286a        0x2 
 .bss.buffer_memory.7240
                0x2000286c      0x280 _build/nrf51822_xxac_peer_database.c.o
 .bss.m_n_writes
                0x20002aec        0x4 _build/nrf51822_xxac_peer_database.c.o
 .bss.m_write_buffer
                0x20002af0       0x10 _build/nrf51822_xxac_peer_database.c.o
 .bss.m_write_buffer_records
                0x20002b00       0xa0 _build/nrf51822_xxac_peer_database.c.o
 .bss.mutex_memory.7241
                0x20002ba0        0x1 _build/nrf51822_xxac_peer_database.c.o
 *fill*         0x20002ba1        0x3 
 .bss.m_pi      0x20002ba4       0x40 _build/nrf51822_xxac_peer_id.c.o
 .bss.m_bonding_flag_id
                0x20002be4        0x1 _build/nrf51822_xxac_peer_manager.c.o
 *fill*         0x20002be5        0x3 
 .bss.m_current_highest_peer_rank
                0x20002be8        0x4 _build/nrf51822_xxac_peer_manager.c.o
 .bss.m_deleting_all
                0x20002bec        0x1 _build/nrf51822_xxac_peer_manager.c.o
 *fill*         0x20002bed        0x3 
 .bss.m_evt_handlers
                0x20002bf0        0xc _build/nrf51822_xxac_peer_manager.c.o
 .bss.m_highest_ranked_peer
                0x20002bfc        0x2 _build/nrf51822_xxac_peer_manager.c.o
 .bss.m_module_initialized
                0x20002bfe        0x1 _build/nrf51822_xxac_peer_manager.c.o
 .bss.m_n_registrants
                0x20002bff        0x1 _build/nrf51822_xxac_peer_manager.c.o
 .bss.m_pairing_flag_id
                0x20002c00        0x1 _build/nrf51822_xxac_peer_manager.c.o
 .bss.m_peer_rank_initialized
                0x20002c01        0x1 _build/nrf51822_xxac_peer_manager.c.o
 *fill*         0x20002c02        0x2 
 .bss.m_peer_rank_token
                0x20002c04        0x4 _build/nrf51822_xxac_peer_manager.c.o
 .bss.m_peer_pk
                0x20002c08       0x40 _build/nrf51822_xxac_security_dispatcher.c.o
 .bss.m_p_public_key
                0x20002c48        0x4 _build/nrf51822_xxac_security_manager.c.o
 .bss.m_sec_params
                0x20002c4c        0x5 _build/nrf51822_xxac_security_manager.c.o
 .bss.m_sec_params_valid
                0x20002c51        0x1 _build/nrf51822_xxac_security_manager.c.o
 .bss.m_ble_evt_buffer_size
                0x20002c52        0x2 _build/nrf51822_xxac_softdevice_handler.c.o
 .bss.m_ble_evt_handler
                0x20002c54        0x4 _build/nrf51822_xxac_softdevice_handler.c.o
 .bss.m_evt_schedule_func
                0x20002c58        0x4 _build/nrf51822_xxac_softdevice_handler.c.o
 .bss.m_softdevice_enabled
                0x20002c5c        0x1 _build/nrf51822_xxac_softdevice_handler.c.o
 .bss.m_suspended
                0x20002c5d        0x1 _build/nrf51822_xxac_softdevice_handler.c.o
 *fill*         0x20002c5e        0x2 
 .bss.m_sys_evt_handler
                0x20002c60        0x4 _build/nrf51822_xxac_softdevice_handler.c.o
 .bss.mp_ble_evt_buffer
                0x20002c64        0x4 _build/nrf51822_xxac_softdevice_handler.c.o
 *(COMMON)
 COMMON         0x20002c68        0x8 _build/nrf51822_xxac_app_util_platform.c.o
                0x20002c68                nrf_nvic_state
 COMMON         0x20002c70        0x1 _build/nrf51822_xxac_bsp_custom_1_btn_ble.c.o
                0x20002c70                m_is_sleep_mode_prepared
 COMMON         0x20002c71        0x1 _build/nrf51822_xxac_main.c.o
                0x20002c71                m_is_advertising
                0x20002c74                . = ALIGN (0x4)
 *fill*         0x20002c72        0x2 
                0x20002c74                __bss_end__ = .

.heap           0x20002c78        0x0
                0x20002c78                __HeapBase = .
                0x20002c78                __end__ = .
                [!provide]                PROVIDE (end, .)
 *(.heap*)
 .heap          0x20002c78        0x0 _build/nrf51822_xxac_gcc_startup_nrf51.S.o
                0x20002c78                __HeapLimit = .

.stack_dummy    0x20002c78      0x800
 *(.stack*)
 .stack         0x20002c78      0x800 _build/nrf51822_xxac_gcc_startup_nrf51.S.o
                0x20004000                __StackTop = (ORIGIN (RAM) + LENGTH (RAM))
                0x20003800                __StackLimit = (__StackTop - SIZEOF (.stack_dummy))
                0x20004000                PROVIDE (__stack, __StackTop)
                0x00000001                ASSERT ((__StackLimit >= __HeapLimit), region RAM overflowed with stack)
OUTPUT(_build/nrf51822_xxac.out elf32-littlearm)

.ARM.attributes
                0x00000000       0x28
 .ARM.attributes
                0x00000000       0x1e c:/program files (x86)/gnu tools arm embedded/2017-q2-update/bin/../lib/gcc/arm-none-eabi/6.3.1/thumb/v6-m/crti.o
 .ARM.attributes
                0x0000001e       0x2c c:/program files (x86)/gnu tools arm embedded/2017-q2-update/bin/../lib/gcc/arm-none-eabi/6.3.1/thumb/v6-m/crtbegin.o
 .ARM.attributes
                0x0000004a       0x1b c:/program files (x86)/gnu tools arm embedded/2017-q2-update/bin/../lib/gcc/arm-none-eabi/6.3.1/../../../../arm-none-eabi/lib/thumb/v6-m/crt0.o
 .ARM.attributes
                0x00000065       0x2c c:/program files (x86)/gnu tools arm embedded/2017-q2-update/bin/../lib/gcc/arm-none-eabi/6.3.1/../../../../arm-none-eabi/lib/thumb/v6-m\libc_nano.a(lib_a-exit.o)
 .ARM.attributes
                0x00000091       0x2c c:/program files (x86)/gnu tools arm embedded/2017-q2-update/bin/../lib/gcc/arm-none-eabi/6.3.1/../../../../arm-none-eabi/lib/thumb/v6-m\libc_nano.a(lib_a-impure.o)
 .ARM.attributes
                0x000000bd       0x2c c:/program files (x86)/gnu tools arm embedded/2017-q2-update/bin/../lib/gcc/arm-none-eabi/6.3.1/../../../../arm-none-eabi/lib/thumb/v6-m\libc_nano.a(lib_a-init.o)
 .ARM.attributes
                0x000000e9       0x2c c:/program files (x86)/gnu tools arm embedded/2017-q2-update/bin/../lib/gcc/arm-none-eabi/6.3.1/../../../../arm-none-eabi/lib/thumb/v6-m\libc_nano.a(lib_a-memset.o)
 .ARM.attributes
                0x00000115       0x2c c:/program files (x86)/gnu tools arm embedded/2017-q2-update/bin/../lib/gcc/arm-none-eabi/6.3.1/../../../../arm-none-eabi/lib/thumb/v6-m\libnosys.a(_exit.o)
 .ARM.attributes
                0x00000141       0x31 _build/nrf51822_xxac_app_button.c.o
 .ARM.attributes
                0x00000172       0x31 _build/nrf51822_xxac_app_error.c.o
 .ARM.attributes
                0x000001a3       0x31 _build/nrf51822_xxac_app_timer.c.o
 .ARM.attributes
                0x000001d4       0x31 _build/nrf51822_xxac_app_util_platform.c.o
 .ARM.attributes
                0x00000205       0x31 _build/nrf51822_xxac_fds.c.o
 .ARM.attributes
                0x00000236       0x31 _build/nrf51822_xxac_fstorage.c.o
 .ARM.attributes
                0x00000267       0x31 _build/nrf51822_xxac_sdk_mapped_flags.c.o
 .ARM.attributes
                0x00000298       0x31 _build/nrf51822_xxac_boards.c.o
 .ARM.attributes
                0x000002c9       0x31 _build/nrf51822_xxac_nrf_drv_clock.c.o
 .ARM.attributes
                0x000002fa       0x31 _build/nrf51822_xxac_nrf_drv_common.c.o
 .ARM.attributes
                0x0000032b       0x31 _build/nrf51822_xxac_nrf_drv_gpiote.c.o
 .ARM.attributes
                0x0000035c       0x31 _build/nrf51822_xxac_nrf_adc.c.o
 .ARM.attributes
                0x0000038d       0x31 _build/nrf51822_xxac_bsp.c.o
 .ARM.attributes
                0x000003be       0x31 _build/nrf51822_xxac_bsp_custom_1_btn_ble.c.o
 .ARM.attributes
                0x000003ef       0x31 _build/nrf51822_xxac_main.c.o
 .ARM.attributes
                0x00000420       0x31 _build/nrf51822_xxac_ble_advdata.c.o
 .ARM.attributes
                0x00000451       0x31 _build/nrf51822_xxac_ble_advertising.c.o
 .ARM.attributes
                0x00000482       0x31 _build/nrf51822_xxac_ble_conn_params.c.o
 .ARM.attributes
                0x000004b3       0x31 _build/nrf51822_xxac_ble_conn_state.c.o
 .ARM.attributes
                0x000004e4       0x31 _build/nrf51822_xxac_ble_srv_common.c.o
 .ARM.attributes
                0x00000515       0x31 _build/nrf51822_xxac_gatt_cache_manager.c.o
 .ARM.attributes
                0x00000546       0x31 _build/nrf51822_xxac_gatts_cache_manager.c.o
 .ARM.attributes
                0x00000577       0x31 _build/nrf51822_xxac_id_manager.c.o
 .ARM.attributes
                0x000005a8       0x31 _build/nrf51822_xxac_nrf_ble_gatt.c.o
 .ARM.attributes
                0x000005d9       0x31 _build/nrf51822_xxac_peer_data_storage.c.o
 .ARM.attributes
                0x0000060a       0x31 _build/nrf51822_xxac_peer_database.c.o
 .ARM.attributes
                0x0000063b       0x31 _build/nrf51822_xxac_peer_id.c.o
 .ARM.attributes
                0x0000066c       0x31 _build/nrf51822_xxac_peer_manager.c.o
 .ARM.attributes
                0x0000069d       0x31 _build/nrf51822_xxac_pm_buffer.c.o
 .ARM.attributes
                0x000006ce       0x31 _build/nrf51822_xxac_pm_mutex.c.o
 .ARM.attributes
                0x000006ff       0x31 _build/nrf51822_xxac_security_dispatcher.c.o
 .ARM.attributes
                0x00000730       0x31 _build/nrf51822_xxac_security_manager.c.o
 .ARM.attributes
                0x00000761       0x1b _build/nrf51822_xxac_gcc_startup_nrf51.S.o
 .ARM.attributes
                0x0000077c       0x31 _build/nrf51822_xxac_system_nrf51.c.o
 .ARM.attributes
                0x000007ad       0x31 _build/nrf51822_xxac_ble_bas.c.o
 .ARM.attributes
                0x000007de       0x31 _build/nrf51822_xxac_ble_nds.c.o
 .ARM.attributes
                0x0000080f       0x31 _build/nrf51822_xxac_softdevice_handler.c.o
 .ARM.attributes
                0x00000840       0x1e c:/program files (x86)/gnu tools arm embedded/2017-q2-update/bin/../lib/gcc/arm-none-eabi/6.3.1/thumb/v6-m\libgcc.a(_udivsi3.o)
 .ARM.attributes
                0x0000085e       0x1e c:/program files (x86)/gnu tools arm embedded/2017-q2-update/bin/../lib/gcc/arm-none-eabi/6.3.1/thumb/v6-m\libgcc.a(_divsi3.o)
 .ARM.attributes
                0x0000087c       0x1e c:/program files (x86)/gnu tools arm embedded/2017-q2-update/bin/../lib/gcc/arm-none-eabi/6.3.1/thumb/v6-m\libgcc.a(_dvmd_tls.o)
 .ARM.attributes
                0x0000089a       0x2c c:/program files (x86)/gnu tools arm embedded/2017-q2-update/bin/../lib/gcc/arm-none-eabi/6.3.1/../../../../arm-none-eabi/lib/thumb/v6-m\libc_nano.a(lib_a-memcmp.o)
 .ARM.attributes
                0x000008c6       0x2c c:/program files (x86)/gnu tools arm embedded/2017-q2-update/bin/../lib/gcc/arm-none-eabi/6.3.1/../../../../arm-none-eabi/lib/thumb/v6-m\libc_nano.a(lib_a-memcpy-stub.o)
 .ARM.attributes
                0x000008f2       0x1c c:/program files (x86)/gnu tools arm embedded/2017-q2-update/bin/../lib/gcc/arm-none-eabi/6.3.1/../../../../arm-none-eabi/lib/thumb/v6-m\libc_nano.a(lib_a-strlen.o)
 .ARM.attributes
                0x0000090e       0x2c c:/program files (x86)/gnu tools arm embedded/2017-q2-update/bin/../lib/gcc/arm-none-eabi/6.3.1/thumb/v6-m/crtend.o
 .ARM.attributes
                0x0000093a       0x1e c:/program files (x86)/gnu tools arm embedded/2017-q2-update/bin/../lib/gcc/arm-none-eabi/6.3.1/thumb/v6-m/crtn.o

.comment        0x00000000       0x7f
 .comment       0x00000000       0x7f _build/nrf51822_xxac_app_button.c.o
                                 0x80 (size before relaxing)
 .comment       0x0000007f       0x80 _build/nrf51822_xxac_app_error.c.o
 .comment       0x0000007f       0x80 _build/nrf51822_xxac_app_timer.c.o
 .comment       0x0000007f       0x80 _build/nrf51822_xxac_app_util_platform.c.o
 .comment       0x0000007f       0x80 _build/nrf51822_xxac_fds.c.o
 .comment       0x0000007f       0x80 _build/nrf51822_xxac_fstorage.c.o
 .comment       0x0000007f       0x80 _build/nrf51822_xxac_sdk_mapped_flags.c.o
 .comment       0x0000007f       0x80 _build/nrf51822_xxac_boards.c.o
 .comment       0x0000007f       0x80 _build/nrf51822_xxac_nrf_drv_clock.c.o
 .comment       0x0000007f       0x80 _build/nrf51822_xxac_nrf_drv_common.c.o
 .comment       0x0000007f       0x80 _build/nrf51822_xxac_nrf_drv_gpiote.c.o
 .comment       0x0000007f       0x80 _build/nrf51822_xxac_nrf_adc.c.o
 .comment       0x0000007f       0x80 _build/nrf51822_xxac_bsp.c.o
 .comment       0x0000007f       0x80 _build/nrf51822_xxac_bsp_custom_1_btn_ble.c.o
 .comment       0x0000007f       0x80 _build/nrf51822_xxac_main.c.o
 .comment       0x0000007f       0x80 _build/nrf51822_xxac_ble_advdata.c.o
 .comment       0x0000007f       0x80 _build/nrf51822_xxac_ble_advertising.c.o
 .comment       0x0000007f       0x80 _build/nrf51822_xxac_ble_conn_params.c.o
 .comment       0x0000007f       0x80 _build/nrf51822_xxac_ble_conn_state.c.o
 .comment       0x0000007f       0x80 _build/nrf51822_xxac_ble_srv_common.c.o
 .comment       0x0000007f       0x80 _build/nrf51822_xxac_gatt_cache_manager.c.o
 .comment       0x0000007f       0x80 _build/nrf51822_xxac_gatts_cache_manager.c.o
 .comment       0x0000007f       0x80 _build/nrf51822_xxac_id_manager.c.o
 .comment       0x0000007f       0x80 _build/nrf51822_xxac_nrf_ble_gatt.c.o
 .comment       0x0000007f       0x80 _build/nrf51822_xxac_peer_data_storage.c.o
 .comment       0x0000007f       0x80 _build/nrf51822_xxac_peer_database.c.o
 .comment       0x0000007f       0x80 _build/nrf51822_xxac_peer_id.c.o
 .comment       0x0000007f       0x80 _build/nrf51822_xxac_peer_manager.c.o
 .comment       0x0000007f       0x80 _build/nrf51822_xxac_pm_buffer.c.o
 .comment       0x0000007f       0x80 _build/nrf51822_xxac_pm_mutex.c.o
 .comment       0x0000007f       0x80 _build/nrf51822_xxac_security_dispatcher.c.o
 .comment       0x0000007f       0x80 _build/nrf51822_xxac_security_manager.c.o
 .comment       0x0000007f       0x80 _build/nrf51822_xxac_system_nrf51.c.o
 .comment       0x0000007f       0x80 _build/nrf51822_xxac_ble_bas.c.o
 .comment       0x0000007f       0x80 _build/nrf51822_xxac_ble_nds.c.o
 .comment       0x0000007f       0x80 _build/nrf51822_xxac_softdevice_handler.c.o

.debug_frame    0x00000000     0x2f0c
 .debug_frame   0x00000000       0x28 c:/program files (x86)/gnu tools arm embedded/2017-q2-update/bin/../lib/gcc/arm-none-eabi/6.3.1/../../../../arm-none-eabi/lib/thumb/v6-m\libc_nano.a(lib_a-exit.o)
 .debug_frame   0x00000028       0x2c c:/program files (x86)/gnu tools arm embedded/2017-q2-update/bin/../lib/gcc/arm-none-eabi/6.3.1/../../../../arm-none-eabi/lib/thumb/v6-m\libc_nano.a(lib_a-init.o)
 .debug_frame   0x00000054       0x20 c:/program files (x86)/gnu tools arm embedded/2017-q2-update/bin/../lib/gcc/arm-none-eabi/6.3.1/../../../../arm-none-eabi/lib/thumb/v6-m\libc_nano.a(lib_a-memset.o)
 .debug_frame   0x00000074       0x20 c:/program files (x86)/gnu tools arm embedded/2017-q2-update/bin/../lib/gcc/arm-none-eabi/6.3.1/../../../../arm-none-eabi/lib/thumb/v6-m\libnosys.a(_exit.o)
 .debug_frame   0x00000094       0xd4 _build/nrf51822_xxac_app_button.c.o
 .debug_frame   0x00000168       0x5c _build/nrf51822_xxac_app_error.c.o
 .debug_frame   0x000001c4      0x128 _build/nrf51822_xxac_app_timer.c.o
 .debug_frame   0x000002ec       0x68 _build/nrf51822_xxac_app_util_platform.c.o
 .debug_frame   0x00000354      0x324 _build/nrf51822_xxac_fds.c.o
 .debug_frame   0x00000678      0x150 _build/nrf51822_xxac_fstorage.c.o
 .debug_frame   0x000007c8       0xa0 _build/nrf51822_xxac_sdk_mapped_flags.c.o
 .debug_frame   0x00000868       0xe8 _build/nrf51822_xxac_boards.c.o
 .debug_frame   0x00000950      0x1c0 _build/nrf51822_xxac_nrf_drv_clock.c.o
 .debug_frame   0x00000b10       0x40 _build/nrf51822_xxac_nrf_drv_common.c.o
 .debug_frame   0x00000b50      0x200 _build/nrf51822_xxac_nrf_drv_gpiote.c.o
 .debug_frame   0x00000d50       0x4c _build/nrf51822_xxac_nrf_adc.c.o
 .debug_frame   0x00000d9c      0x13c _build/nrf51822_xxac_bsp.c.o
 .debug_frame   0x00000ed8       0xa0 _build/nrf51822_xxac_bsp_custom_1_btn_ble.c.o
 .debug_frame   0x00000f78      0x244 _build/nrf51822_xxac_main.c.o
 .debug_frame   0x000011bc       0xe4 _build/nrf51822_xxac_ble_advdata.c.o
 .debug_frame   0x000012a0      0x124 _build/nrf51822_xxac_ble_advertising.c.o
 .debug_frame   0x000013c4       0xf4 _build/nrf51822_xxac_ble_conn_params.c.o
 .debug_frame   0x000014b8      0x1e8 _build/nrf51822_xxac_ble_conn_state.c.o
 .debug_frame   0x000016a0       0xcc _build/nrf51822_xxac_ble_srv_common.c.o
 .debug_frame   0x0000176c      0x17c _build/nrf51822_xxac_gatt_cache_manager.c.o
 .debug_frame   0x000018e8      0x150 _build/nrf51822_xxac_gatts_cache_manager.c.o
 .debug_frame   0x00001a38      0x330 _build/nrf51822_xxac_id_manager.c.o
 .debug_frame   0x00001d68       0x60 _build/nrf51822_xxac_nrf_ble_gatt.c.o
 .debug_frame   0x00001dc8      0x1d0 _build/nrf51822_xxac_peer_data_storage.c.o
 .debug_frame   0x00001f98      0x218 _build/nrf51822_xxac_peer_database.c.o
 .debug_frame   0x000021b0      0x120 _build/nrf51822_xxac_peer_id.c.o
 .debug_frame   0x000022d0      0x44c _build/nrf51822_xxac_peer_manager.c.o
 .debug_frame   0x0000271c       0x84 _build/nrf51822_xxac_pm_buffer.c.o
 .debug_frame   0x000027a0       0xa4 _build/nrf51822_xxac_pm_mutex.c.o
 .debug_frame   0x00002844      0x130 _build/nrf51822_xxac_security_dispatcher.c.o
 .debug_frame   0x00002974      0x15c _build/nrf51822_xxac_security_manager.c.o
 .debug_frame   0x00002ad0       0x30 _build/nrf51822_xxac_system_nrf51.c.o
 .debug_frame   0x00002b00       0xc8 _build/nrf51822_xxac_ble_bas.c.o
 .debug_frame   0x00002bc8       0xf8 _build/nrf51822_xxac_ble_nds.c.o
 .debug_frame   0x00002cc0      0x1b8 _build/nrf51822_xxac_softdevice_handler.c.o
 .debug_frame   0x00002e78       0x20 c:/program files (x86)/gnu tools arm embedded/2017-q2-update/bin/../lib/gcc/arm-none-eabi/6.3.1/thumb/v6-m\libgcc.a(_udivsi3.o)
 .debug_frame   0x00002e98       0x20 c:/program files (x86)/gnu tools arm embedded/2017-q2-update/bin/../lib/gcc/arm-none-eabi/6.3.1/thumb/v6-m\libgcc.a(_divsi3.o)
 .debug_frame   0x00002eb8       0x2c c:/program files (x86)/gnu tools arm embedded/2017-q2-update/bin/../lib/gcc/arm-none-eabi/6.3.1/../../../../arm-none-eabi/lib/thumb/v6-m\libc_nano.a(lib_a-memcmp.o)
 .debug_frame   0x00002ee4       0x28 c:/program files (x86)/gnu tools arm embedded/2017-q2-update/bin/../lib/gcc/arm-none-eabi/6.3.1/../../../../arm-none-eabi/lib/thumb/v6-m\libc_nano.a(lib_a-memcpy-stub.o)

.debug_info     0x00000000    0x4c427
 .debug_info    0x00000000      0xe1f _build/nrf51822_xxac_app_button.c.o
 .debug_info    0x00000e1f      0xb4e _build/nrf51822_xxac_app_error.c.o
 .debug_info    0x0000196d     0x22e2 _build/nrf51822_xxac_app_timer.c.o
 .debug_info    0x00003c4f      0xd58 _build/nrf51822_xxac_app_util_platform.c.o
 .debug_info    0x000049a7     0x4149 _build/nrf51822_xxac_fds.c.o
 .debug_info    0x00008af0     0x194c _build/nrf51822_xxac_fstorage.c.o
 .debug_info    0x0000a43c      0x56a _build/nrf51822_xxac_sdk_mapped_flags.c.o
 .debug_info    0x0000a9a6     0x13b3 _build/nrf51822_xxac_boards.c.o
 .debug_info    0x0000bd59     0x1e43 _build/nrf51822_xxac_nrf_drv_clock.c.o
 .debug_info    0x0000db9c      0xd16 _build/nrf51822_xxac_nrf_drv_common.c.o
 .debug_info    0x0000e8b2     0x2d27 _build/nrf51822_xxac_nrf_drv_gpiote.c.o
 .debug_info    0x000115d9      0x481 _build/nrf51822_xxac_nrf_adc.c.o
 .debug_info    0x00011a5a     0x1a4b _build/nrf51822_xxac_bsp.c.o
 .debug_info    0x000134a5     0x257e _build/nrf51822_xxac_bsp_custom_1_btn_ble.c.o
 .debug_info    0x00015a23     0x57cc _build/nrf51822_xxac_main.c.o
 .debug_info    0x0001b1ef     0x2339 _build/nrf51822_xxac_ble_advdata.c.o
 .debug_info    0x0001d528     0x2d30 _build/nrf51822_xxac_ble_advertising.c.o
 .debug_info    0x00020258     0x23da _build/nrf51822_xxac_ble_conn_params.c.o
 .debug_info    0x00022632     0x24b9 _build/nrf51822_xxac_ble_conn_state.c.o
 .debug_info    0x00024aeb     0x14c2 _build/nrf51822_xxac_ble_srv_common.c.o
 .debug_info    0x00025fad     0x315f _build/nrf51822_xxac_gatt_cache_manager.c.o
 .debug_info    0x0002910c     0x1962 _build/nrf51822_xxac_gatts_cache_manager.c.o
 .debug_info    0x0002aa6e     0x46fc _build/nrf51822_xxac_id_manager.c.o
 .debug_info    0x0002f16a     0x1cb1 _build/nrf51822_xxac_nrf_ble_gatt.c.o
 .debug_info    0x00030e1b     0x2397 _build/nrf51822_xxac_peer_data_storage.c.o
 .debug_info    0x000331b2     0x27c3 _build/nrf51822_xxac_peer_database.c.o
 .debug_info    0x00035975      0xfa6 _build/nrf51822_xxac_peer_id.c.o
 .debug_info    0x0003691b     0x45e2 _build/nrf51822_xxac_peer_manager.c.o
 .debug_info    0x0003aefd      0xb7d _build/nrf51822_xxac_pm_buffer.c.o
 .debug_info    0x0003ba7a      0xc61 _build/nrf51822_xxac_pm_mutex.c.o
 .debug_info    0x0003c6db     0x4581 _build/nrf51822_xxac_security_dispatcher.c.o
 .debug_info    0x00040c5c     0x35fe _build/nrf51822_xxac_security_manager.c.o
 .debug_info    0x0004425a      0x1e9 _build/nrf51822_xxac_system_nrf51.c.o
 .debug_info    0x00044443     0x26ba _build/nrf51822_xxac_ble_bas.c.o
 .debug_info    0x00046afd     0x2dca _build/nrf51822_xxac_ble_nds.c.o
 .debug_info    0x000498c7     0x2b60 _build/nrf51822_xxac_softdevice_handler.c.o

.debug_abbrev   0x00000000     0x8c77
 .debug_abbrev  0x00000000      0x298 _build/nrf51822_xxac_app_button.c.o
 .debug_abbrev  0x00000298      0x235 _build/nrf51822_xxac_app_error.c.o
 .debug_abbrev  0x000004cd      0x47d _build/nrf51822_xxac_app_timer.c.o
 .debug_abbrev  0x0000094a      0x319 _build/nrf51822_xxac_app_util_platform.c.o
 .debug_abbrev  0x00000c63      0x4fc _build/nrf51822_xxac_fds.c.o
 .debug_abbrev  0x0000115f      0x4a0 _build/nrf51822_xxac_fstorage.c.o
 .debug_abbrev  0x000015ff      0x213 _build/nrf51822_xxac_sdk_mapped_flags.c.o
 .debug_abbrev  0x00001812      0x38d _build/nrf51822_xxac_boards.c.o
 .debug_abbrev  0x00001b9f      0x52e _build/nrf51822_xxac_nrf_drv_clock.c.o
 .debug_abbrev  0x000020cd      0x28b _build/nrf51822_xxac_nrf_drv_common.c.o
 .debug_abbrev  0x00002358      0x4e7 _build/nrf51822_xxac_nrf_drv_gpiote.c.o
 .debug_abbrev  0x0000283f      0x1e7 _build/nrf51822_xxac_nrf_adc.c.o
 .debug_abbrev  0x00002a26      0x45d _build/nrf51822_xxac_bsp.c.o
 .debug_abbrev  0x00002e83      0x483 _build/nrf51822_xxac_bsp_custom_1_btn_ble.c.o
 .debug_abbrev  0x00003306      0x5fe _build/nrf51822_xxac_main.c.o
 .debug_abbrev  0x00003904      0x40b _build/nrf51822_xxac_ble_advdata.c.o
 .debug_abbrev  0x00003d0f      0x4ed _build/nrf51822_xxac_ble_advertising.c.o
 .debug_abbrev  0x000041fc      0x473 _build/nrf51822_xxac_ble_conn_params.c.o
 .debug_abbrev  0x0000466f      0x455 _build/nrf51822_xxac_ble_conn_state.c.o
 .debug_abbrev  0x00004ac4      0x344 _build/nrf51822_xxac_ble_srv_common.c.o